Component: ARM Compiler 5.06 update 7 (build 960) Tool: armlink [4d3601]

==============================================================================

Section Cross References

    startup_stm32f411xe.o(RESET) refers to startup_stm32f411xe.o(STACK) for __initial_sp
    startup_stm32f411xe.o(RESET) refers to startup_stm32f411xe.o(.text) for Reset_Handler
    startup_stm32f411xe.o(RESET) refers to stm32f4xx_it.o(i.NMI_Handler) for NMI_Handler
    startup_stm32f411xe.o(RESET) refers to stm32f4xx_it.o(i.HardFault_Handler) for HardFault_Handler
    startup_stm32f411xe.o(RESET) refers to stm32f4xx_it.o(i.MemManage_Handler) for MemManage_Handler
    startup_stm32f411xe.o(RESET) refers to stm32f4xx_it.o(i.BusFault_Handler) for BusFault_Handler
    startup_stm32f411xe.o(RESET) refers to stm32f4xx_it.o(i.UsageFault_Handler) for UsageFault_Handler
    startup_stm32f411xe.o(RESET) refers to port.o(.emb_text) for SVC_Handler
    startup_stm32f411xe.o(RESET) refers to stm32f4xx_it.o(i.DebugMon_Handler) for DebugMon_Handler
    startup_stm32f411xe.o(RESET) refers to port.o(i.SysTick_Handler) for SysTick_Handler
    startup_stm32f411xe.o(RESET) refers to stm32f4xx_it.o(i.TIM1_UP_TIM10_IRQHandler) for TIM1_UP_TIM10_IRQHandler
    startup_stm32f411xe.o(.text) refers to system_stm32f4xx.o(i.SystemInit) for SystemInit
    startup_stm32f411xe.o(.text) refers to entry.o(.ARM.Collect$$$$00000000) for __main
    main.o(i.HAL_TIM_PeriodElapsedCallback) refers to stm32f4xx_hal.o(i.HAL_IncTick) for HAL_IncTick
    main.o(i.SystemClock_Config) refers to memseta.o(.text) for __aeabi_memclr4
    main.o(i.SystemClock_Config) refers to stm32f4xx_hal_rcc.o(i.HAL_RCC_OscConfig) for HAL_RCC_OscConfig
    main.o(i.SystemClock_Config) refers to stm32f4xx_hal_rcc.o(i.HAL_RCC_ClockConfig) for HAL_RCC_ClockConfig
    main.o(i.main) refers to stm32f4xx_hal.o(i.HAL_Init) for HAL_Init
    main.o(i.main) refers to main.o(i.SystemClock_Config) for SystemClock_Config
    main.o(i.main) refers to gpio.o(i.MX_GPIO_Init) for MX_GPIO_Init
    main.o(i.main) refers to freertos.o(i.MX_FREERTOS_Init) for MX_FREERTOS_Init
    main.o(i.main) refers to cmsis_os.o(i.osKernelStart) for osKernelStart
    gpio.o(i.MX_GPIO_Init) refers to memseta.o(.text) for __aeabi_memclr4
    gpio.o(i.MX_GPIO_Init) refers to stm32f4xx_hal_gpio.o(i.HAL_GPIO_WritePin) for HAL_GPIO_WritePin
    gpio.o(i.MX_GPIO_Init) refers to stm32f4xx_hal_gpio.o(i.HAL_GPIO_Init) for HAL_GPIO_Init
    freertos.o(i.MX_FREERTOS_Init) refers to memcpya.o(.text) for __aeabi_memcpy4
    freertos.o(i.MX_FREERTOS_Init) refers to cmsis_os.o(i.osThreadCreate) for osThreadCreate
    freertos.o(i.MX_FREERTOS_Init) refers to freertos.o(.constdata) for .constdata
    freertos.o(i.MX_FREERTOS_Init) refers to freertos.o(.data) for .data
    freertos.o(i.StartDefaultTask) refers to cmsis_os.o(i.osDelay) for osDelay
    freertos.o(i.vApplicationGetIdleTaskMemory) refers to freertos.o(.bss) for .bss
    freertos.o(i.vApplicationGetTimerTaskMemory) refers to freertos.o(.bss) for .bss
    freertos.o(.constdata) refers to freertos.o(.conststring) for .conststring
    freertos.o(.constdata) refers to freertos.o(i.StartDefaultTask) for StartDefaultTask
    freertos.o(.constdata) refers to ins_task.o(i.StartInsTask) for StartInsTask
    stm32f4xx_it.o(i.TIM1_UP_TIM10_IRQHandler) refers to stm32f4xx_hal_tim.o(i.HAL_TIM_IRQHandler) for HAL_TIM_IRQHandler
    stm32f4xx_it.o(i.TIM1_UP_TIM10_IRQHandler) refers to stm32f4xx_hal_timebase_tim.o(.bss) for htim1
    stm32f4xx_hal_msp.o(i.HAL_MspInit) refers to stm32f4xx_hal_cortex.o(i.HAL_NVIC_SetPriority) for HAL_NVIC_SetPriority
    stm32f4xx_hal_timebase_tim.o(i.HAL_InitTick) refers to stm32f4xx_hal_rcc.o(i.HAL_RCC_GetClockConfig) for HAL_RCC_GetClockConfig
    stm32f4xx_hal_timebase_tim.o(i.HAL_InitTick) refers to stm32f4xx_hal_rcc.o(i.HAL_RCC_GetPCLK2Freq) for HAL_RCC_GetPCLK2Freq
    stm32f4xx_hal_timebase_tim.o(i.HAL_InitTick) refers to stm32f4xx_hal_tim.o(i.HAL_TIM_Base_Init) for HAL_TIM_Base_Init
    stm32f4xx_hal_timebase_tim.o(i.HAL_InitTick) refers to stm32f4xx_hal_tim.o(i.HAL_TIM_Base_Start_IT) for HAL_TIM_Base_Start_IT
    stm32f4xx_hal_timebase_tim.o(i.HAL_InitTick) refers to stm32f4xx_hal_cortex.o(i.HAL_NVIC_EnableIRQ) for HAL_NVIC_EnableIRQ
    stm32f4xx_hal_timebase_tim.o(i.HAL_InitTick) refers to stm32f4xx_hal_cortex.o(i.HAL_NVIC_SetPriority) for HAL_NVIC_SetPriority
    stm32f4xx_hal_timebase_tim.o(i.HAL_InitTick) refers to stm32f4xx_hal_timebase_tim.o(.bss) for .bss
    stm32f4xx_hal_timebase_tim.o(i.HAL_InitTick) refers to stm32f4xx_hal.o(.data) for uwTickPrio
    stm32f4xx_hal_timebase_tim.o(i.HAL_ResumeTick) refers to stm32f4xx_hal_timebase_tim.o(.bss) for .bss
    stm32f4xx_hal_timebase_tim.o(i.HAL_SuspendTick) refers to stm32f4xx_hal_timebase_tim.o(.bss) for .bss
    stm32f4xx_hal_rcc.o(i.HAL_RCC_ClockConfig) refers to stm32f4xx_hal.o(i.HAL_GetTick) for HAL_GetTick
[...]
    __lit__00000000                          0x080001ac   Data           4  entry2.o(.ARM.Collect$$$$00002712)
    .emb_text                                0x080001b0   Section      190  port.o(.emb_text)
    $v0                                      0x080001b0   Number         0  port.o(.emb_text)
    .text                                    0x08000270   Section       36  startup_stm32f411xe.o(.text)
    $v0                                      0x08000270   Number         0  startup_stm32f411xe.o(.text)
    .text                                    0x08000294   Section        0  uldiv.o(.text)
    .text                                    0x080002f6   Section        0  memcpya.o(.text)
    .text                                    0x0800031a   Section        0  memseta.o(.text)
    .text                                    0x0800033e   Section        0  fadd.o(.text)
    .text                                    0x080003ee   Section        0  fmul.o(.text)
    .text                                    0x08000452   Section        0  fdiv.o(.text)
    .text                                    0x080004ce   Section        0  ddiv.o(.text)
    .text                                    0x080005ac   Section        0  fcmple.o(.text)
    .text                                    0x080005c8   Section        0  fcmplt.o(.text)
    .text                                    0x080005e4   Section        0  fcmpgt.o(.text)
    .text                                    0x08000600   Section        0  fcmpeq.o(.text)
    .text                                    0x0800061c   Section        0  dfltui.o(.text)
    .text                                    0x08000636   Section        0  f2d.o(.text)
    .text                                    0x0800065c   Section        0  d2f.o(.text)
    .text                                    0x08000694   Section        0  llshl.o(.text)
    .text                                    0x080006b2   Section        0  llushr.o(.text)
    .text                                    0x080006d2   Section        0  fepilogue.o(.text)
    .text                                    0x080006d2   Section        0  iusefp.o(.text)
    .text                                    0x08000740   Section        0  depilogue.o(.text)
    .text                                    0x080007fa   Section        0  dsqrt.o(.text)
    .text                                    0x0800089c   Section       36  init.o(.text)
    .text                                    0x080008c0   Section        0  __dczerorl2.o(.text)
    [Anonymous Symbol]                       0x08000918   Section        0  arm_dot_prod_f32.o(.text.arm_dot_prod_f32)
    [Anonymous Symbol]                       0x080009e8   Section        0  arm_mat_add_f32.o(.text.arm_mat_add_f32)
    [Anonymous Symbol]                       0x08000a7c   Section        0  arm_mat_init_f32.o(.text.arm_mat_init_f32)
    [Anonymous Symbol]                       0x08000a84   Section        0  arm_mat_inverse_f32.o(.text.arm_mat_inverse_f32)
    [Anonymous Symbol]                       0x08000d60   Section        0  arm_mat_mult_f32.o(.text.arm_mat_mult_f32)
    [Anonymous Symbol]                       0x08000ed8   Section        0  arm_mat_sub_f32.o(.text.arm_mat_sub_f32)
    [Anonymous Symbol]                       0x08000f6c   Section        0  arm_mat_trans_f32.o(.text.arm_mat_trans_f32)
    i.BusFault_Handler                       0x0800101e   Section        0  stm32f4xx_it.o(i.BusFault_Handler)
    i.Chi_square_Check                       0x08001020   Section        0  qekf_imu.o(i.Chi_square_Check)
    i.DWT_CNT_Update                         0x080010ec   Section        0  bsp_dwt.o(i.DWT_CNT_Update)
    DWT_CNT_Update                           0x080010ed   Thumb Code    42  bsp_dwt.o(i.DWT_CNT_Update)
    i.DWT_Delay                              0x08001120   Section        0  bsp_dwt.o(i.DWT_Delay)
    i.DWT_GetDeltaT64                        0x08001154   Section        0  bsp_dwt.o(i.DWT_GetDeltaT64)
    i.DWT_Init                               0x080011a8   Section        0  bsp_dwt.o(i.DWT_Init)
    i.DebugMon_Handler                       0x080011f0   Section        0  stm32f4xx_it.o(i.DebugMon_Handler)
    i.HAL_GPIO_Init                          0x080011f4   Section        0  stm32f4xx_hal_gpio.o(i.HAL_GPIO_Init)
    i.HAL_GPIO_ReadPin                       0x080013d4   Section        0  stm32f4xx_hal_gpio.o(i.HAL_GPIO_ReadPin)
    i.HAL_GPIO_WritePin                      0x080013de   Section        0  stm32f4xx_hal_gpio.o(i.HAL_GPIO_WritePin)
    i.HAL_GetTick                            0x080013e8   Section        0  stm32f4xx_hal.o(i.HAL_GetTick)
    i.HAL_IncTick                            0x080013f4   Section        0  stm32f4xx_hal.o(i.HAL_IncTick)
    i.HAL_Init                               0x08001404   Section        0  stm32f4xx_hal.o(i.HAL_Init)
    i.HAL_InitTick                           0x08001438   Section        0  stm32f4xx_hal_timebase_tim.o(i.HAL_InitTick)
    i.HAL_MspInit                            0x080014c4   Section        0  stm32f4xx_hal_msp.o(i.HAL_MspInit)
    i.HAL_NVIC_EnableIRQ                     0x080014fc   Section        0  stm32f4xx_hal_cortex.o(i.HAL_NVIC_EnableIRQ)
    i.HAL_NVIC_SetPriority                   0x08001518   Section        0  stm32f4xx_hal_cortex.o(i.HAL_NVIC_SetPriority)
    i.HAL_NVIC_SetPriorityGrouping           0x08001558   Section        0  stm32f4xx_hal_cortex.o(i.HAL_NVIC_SetPriorityGrouping)
    i.HAL_RCC_ClockConfig                    0x0800157c   Section        0  stm32f4xx_hal_rcc.o(i.HAL_RCC_ClockConfig)
    i.HAL_RCC_GetClockConfig                 0x080016b0   Section        0  stm32f4xx_hal_rcc.o(i.HAL_RCC_GetClockConfig)
    i.HAL_RCC_GetPCLK2Freq                   0x080016f0   Section        0  stm32f4xx_hal_rcc.o(i.HAL_RCC_GetPCLK2Freq)
    i.HAL_RCC_GetSysClockFreq                0x08001710   Section        0  stm32f4xx_hal_rcc.o(i.HAL_RCC_GetSysClockFreq)
    i.HAL_RCC_OscConfig                      0x08001774   Section        0  stm32f4xx_hal_rcc.o(i.HAL_RCC_OscConfig)
    i.HAL_TIMEx_BreakCallback                0x08001ae0   Section        0  stm32f4xx_hal_tim_ex.o(i.HAL_TIMEx_BreakCallback)
    i.HAL_TIMEx_CommutCallback               0x08001ae2   Section        0  stm32f4xx_hal_tim_ex.o(i.HAL_TIMEx_CommutCallback)
    i.HAL_TIM_Base_Init                      0x08001ae4   Section        0  stm32f4xx_hal_tim.o(i.HAL_TIM_Base_Init)
    i.HAL_TIM_Base_MspInit                   0x08001b3e   Section        0  stm32f4xx_hal_tim.o(i.HAL_TIM_Base_MspInit)
    i.HAL_TIM_Base_Start_IT                  0x08001b40   Section        0  stm32f4xx_hal_tim.o(i.HAL_TIM_Base_Start_IT)
    i.HAL_TIM_IC_CaptureCallback             0x08001bac   Section        0  stm32f4xx_hal_tim.o(i.HAL_TIM_IC_CaptureCallback)
    i.HAL_TIM_IRQHandler                     0x08001bae   Section        0  stm32f4xx_hal_tim.o(i.HAL_TIM_IRQHandler)
    i.HAL_TIM_OC_DelayElapsedCallback        0x08001cde   Section        0  stm32f4xx_hal_tim.o(i.HAL_TIM_OC_DelayElapsedCallback)
    i.HAL_TIM_PWM_PulseFinishedCallback      0x08001ce0   Section        0  stm32f4xx_hal_tim.o(i.HAL_TIM_PWM_PulseFinishedCallback)
    i.HAL_TIM_PeriodElapsedCallback          0x08001ce4   Section        0  main.o(i.HAL_TIM_PeriodElapsedCallback)
    i.HAL_TIM_TriggerCallback                0x08001cf8   Section        0  stm32f4xx_hal_tim.o(i.HAL_TIM_TriggerCallback)
    i.HardFault_Handler                      0x08001cfa   Section        0  stm32f4xx_it.o(i.HardFault_Handler)
    i.I2C_Init                               0x08001cfc   Section        0  software_i2c.o(i.I2C_Init)
    i.I2C_R_SDA                              0x08001d78   Section        0  software_i2c.o(i.I2C_R_SDA)
    i.I2C_ReceiveAck                         0x08001d98   Section        0  software_i2c.o(i.I2C_ReceiveAck)
    i.I2C_ReceiveByte                        0x08001db6   Section        0  software_i2c.o(i.I2C_ReceiveByte)
    i.I2C_SendAck                            0x08001dea   Section        0  software_i2c.o(i.I2C_SendAck)
    i.I2C_SendByte                           0x08001e00   Section        0  software_i2c.o(i.I2C_SendByte)
    i.I2C_Start                              0x08001e28   Section        0  software_i2c.o(i.I2C_Start)
    i.I2C_Stop                               0x08001e46   Section        0  software_i2c.o(i.I2C_Stop)
    i.I2C_W_SCL                              0x08001e60   Section        0  software_i2c.o(i.I2C_W_SCL)
    i.I2C_W_SDA                              0x08001e80   Section        0  software_i2c.o(i.I2C_W_SDA)
    i.KalmanFilter_Init                      0x08001ea0   Section        0  kalmanfilter.o(i.KalmanFilter_Init)
    i.KalmanFilter_P_Update                  0x0800208c   Section        0  kalmanfilter.o(i.KalmanFilter_P_Update)
    i.KalmanFilter_Pminus_Update             0x080020c2   Section        0  kalmanfilter.o(i.KalmanFilter_Pminus_Update)
    i.KalmanFilter_SetK                      0x08002106   Section        0  kalmanfilter.o(i.KalmanFilter_SetK)
    i.KalmanFilter_Update                    0x08002174   Section        0  kalmanfilter.o(i.KalmanFilter_Update)
    i.KalmanFilter_xhat_Update               0x08002260   Section        0  kalmanfilter.o(i.KalmanFilter_xhat_Update)
    i.KalmanFilter_xhatminus_Update          0x080022a8   Section        0  kalmanfilter.o(i.KalmanFilter_xhatminus_Update)
    i.MPU6050_GetACCEL                       0x080022f2   Section        0  mpu6050.o(i.MPU6050_GetACCEL)
    i.MPU6050_GetAccel_Value                 0x08002334   Section        0  mpu6050.o(i.MPU6050_GetAccel_Value)
    i.MPU6050_GetGYRO                        0x08002394   Section        0  mpu6050.o(i.MPU6050_GetGYRO)
    i.MPU6050_GetGyro_Value                  0x080023d8   Section        0  mpu6050.o(i.MPU6050_GetGyro_Value)
    i.MPU6050_GetID                          0x08002448   Section        0  mpu6050.o(i.MPU6050_GetID)
    i.MPU6050_Init                           0x0800244e   Section        0  mpu6050.o(i.MPU6050_Init)
    i.MPU6050_ReadReg                        0x08002488   Section        0  mpu6050.o(i.MPU6050_ReadReg)
    i.MPU6050_WriteReg                       0x080024c6   Section        0  mpu6050.o(i.MPU6050_WriteReg)
    i.MX_FREERTOS_Init                       0x080024f8   Section        0  freertos.o(i.MX_FREERTOS_Init)
    i.MX_GPIO_Init                           0x08002534   Section        0  gpio.o(i.MX_GPIO_Init)
    i.MemManage_Handler                      0x080025e8   Section        0  stm32f4xx_it.o(i.MemManage_Handler)
    i.NMI_Handler                            0x080025ea   Section        0  stm32f4xx_it.o(i.NMI_Handler)
    i.QEKF_IMU_A_Update                      0x080025ec   Section        0  qekf_imu.o(i.QEKF_IMU_A_Update)
    i.QEKF_IMU_H_Update                      0x08002834   Section        0  qekf_imu.o(i.QEKF_IMU_H_Update)
    i.QEKF_IMU_Init                          0x080028c4   Section        0  qekf_imu.o(i.QEKF_IMU_Init)
    i.QEKF_IMU_Update                        0x0800293c   Section        0  qekf_imu.o(i.QEKF_IMU_Update)
    i.Scale_Transform                        0x08002b24   Section        0  mpu6050.o(i.Scale_Transform)
    i.StartDefaultTask                       0x08002b4c   Section        0  freertos.o(i.StartDefaultTask)
    i.StartInsTask                           0x08002b58   Section        0  ins_task.o(i.StartInsTask)
    i.SysTick_Handler                        0x08002c2c   Section        0  port.o(i.SysTick_Handler)
    i.SystemClock_Config                     0x08002c58   Section        0  main.o(i.SystemClock_Config)
    i.SystemInit                             0x08002ce8   Section        0  system_stm32f4xx.o(i.SystemInit)
    i.TIM1_UP_TIM10_IRQHandler               0x08002cf8   Section        0  stm32f4xx_it.o(i.TIM1_UP_TIM10_IRQHandler)
    i.TIM_Base_SetConfig                     0x08002d04   Section        0  stm32f4xx_hal_tim.o(i.TIM_Base_SetConfig)
    i.UsageFault_Handler                     0x08002da8   Section        0  stm32f4xx_it.o(i.UsageFault_Handler)
    i.__ARM_fpclassifyf                      0x08002daa   Section        0  fpclassifyf.o(i.__ARM_fpclassifyf)
    i.__NVIC_SetPriority                     0x08002dd0   Section        0  stm32f4xx_hal_cortex.o(i.__NVIC_SetPriority)
    __NVIC_SetPriority                       0x08002dd1   Thumb Code    32  stm32f4xx_hal_cortex.o(i.__NVIC_SetPriority)
    i.__hardfp_asinf                         0x08002df0   Section        0  asinf.o(i.__hardfp_asinf)
    i.__hardfp_atan2f                        0x08002f1c   Section        0  atan2f.o(i.__hardfp_atan2f)
    i.__hardfp_sqrt                          0x080031c8   Section        0  sqrt.o(i.__hardfp_sqrt)
    i.__mathlib_flt_infnan                   0x08003242   Section        0  funder.o(i.__mathlib_flt_infnan)
    i.__mathlib_flt_infnan2                  0x08003248   Section        0  funder.o(i.__mathlib_flt_infnan2)
    i.__mathlib_flt_invalid                  0x08003250   Section        0  funder.o(i.__mathlib_flt_invalid)
    i.__mathlib_flt_underflow                0x08003260   Section        0  funder.o(i.__mathlib_flt_underflow)
    i.__scatterload_copy                     0x08003270   Section       14  handlers.o(i.__scatterload_copy)
    i.__scatterload_null                     0x0800327e   Section        2  handlers.o(i.__scatterload_null)
    i.__scatterload_zeroinit                 0x08003280   Section       14  handlers.o(i.__scatterload_zeroinit)
    i.__set_errno                            0x08003290   Section        0  errno.o(i.__set_errno)
    i.eliminate_q3                           0x0800329c   Section        0  qekf_imu.o(i.eliminate_q3)
    i.main                                   0x080032d8   Section        0  main.o(i.main)
    i.makeFreeRtosPriority                   0x080032ee   Section        0  cmsis_os.o(i.makeFreeRtosPriority)
    makeFreeRtosPriority                     0x080032ef   Thumb Code    12  cmsis_os.o(i.makeFreeRtosPriority)
    i.osDelay                                0x080032fa   Section        0  cmsis_os.o(i.osDelay)
    i.osKernelStart                          0x08003308   Section        0  cmsis_os.o(i.osKernelStart)
    i.osThreadCreate                         0x08003312   Section        0  cmsis_os.o(i.osThreadCreate)
    i.prvAddCurrentTaskToDelayedList         0x08003368   Section        0  tasks.o(i.prvAddCurrentTaskToDelayedList)
    prvAddCurrentTaskToDelayedList           0x08003369   Thumb Code   102  tasks.o(i.prvAddCurrentTaskToDelayedList)
    i.prvAddNewTaskToReadyList               0x080033d8   Section        0  tasks.o(i.prvAddNewTaskToReadyList)
    prvAddNewTaskToReadyList                 0x080033d9   Thumb Code   194  tasks.o(i.prvAddNewTaskToReadyList)
    i.prvCheckForValidListAndQueue           0x080034a8   Section        0  timers.o(i.prvCheckForValidListAndQueue)
    prvCheckForValidListAndQueue             0x080034a9   Thumb Code    72  timers.o(i.prvCheckForValidListAndQueue)
    i.prvCopyDataFromQueue                   0x08003500   Section        0  queue.o(i.prvCopyDataFromQueue)
    prvCopyDataFromQueue                     0x08003501   Thumb Code    38  queue.o(i.prvCopyDataFromQueue)
    i.prvCopyDataToQueue                     0x08003526   Section        0  queue.o(i.prvCopyDataToQueue)
    prvCopyDataToQueue                       0x08003527   Thumb Code   108  queue.o(i.prvCopyDataToQueue)
    i.prvDeleteTCB                           0x08003592   Section        0  tasks.o(i.prvDeleteTCB)
    prvDeleteTCB                             0x08003593   Thumb Code    52  tasks.o(i.prvDeleteTCB)
    i.prvHeapInit                            0x080035c8   Section        0  heap_4.o(i.prvHeapInit)
    prvHeapInit                              0x080035c9   Thumb Code    66  heap_4.o(i.prvHeapInit)
    i.prvIdleTask                            0x08003614   Section        0  tasks.o(i.prvIdleTask)
    prvIdleTask                              0x08003615   Thumb Code    82  tasks.o(i.prvIdleTask)
    i.prvInitialiseNewQueue                  0x08003674   Section        0  queue.o(i.prvInitialiseNewQueue)
    prvInitialiseNewQueue                    0x08003675   Thumb Code    22  queue.o(i.prvInitialiseNewQueue)
    i.prvInitialiseNewTask                   0x0800368a   Section        0  tasks.o(i.prvInitialiseNewTask)
    prvInitialiseNewTask                     0x0800368b   Thumb Code   152  tasks.o(i.prvInitialiseNewTask)
    i.prvInsertBlockIntoFreeList             0x08003724   Section        0  heap_4.o(i.prvInsertBlockIntoFreeList)
    prvInsertBlockIntoFreeList               0x08003725   Thumb Code    72  heap_4.o(i.prvInsertBlockIntoFreeList)
    i.prvInsertTimerInActiveList             0x08003770   Section        0  timers.o(i.prvInsertTimerInActiveList)
    prvInsertTimerInActiveList               0x08003771   Thumb Code    52  timers.o(i.prvInsertTimerInActiveList)
    i.prvIsQueueEmpty                        0x080037a8   Section        0  queue.o(i.prvIsQueueEmpty)
    prvIsQueueEmpty                          0x080037a9   Thumb Code    28  queue.o(i.prvIsQueueEmpty)
    i.prvProcessReceivedCommands             0x080037c4   Section        0  timers.o(i.prvProcessReceivedCommands)
    prvProcessReceivedCommands               0x080037c5   Thumb Code   234  timers.o(i.prvProcessReceivedCommands)
    i.prvProcessTimerOrBlockTask             0x080038b4   Section        0  timers.o(i.prvProcessTimerOrBlockTask)
    prvProcessTimerOrBlockTask               0x080038b5   Thumb Code   182  timers.o(i.prvProcessTimerOrBlockTask)
    i.prvResetNextTaskUnblockTime            0x08003974   Section        0  tasks.o(i.prvResetNextTaskUnblockTime)
    prvResetNextTaskUnblockTime              0x08003975   Thumb Code    26  tasks.o(i.prvResetNextTaskUnblockTime)
    i.prvSampleTimeNow                       0x08003994   Section        0  timers.o(i.prvSampleTimeNow)
    prvSampleTimeNow                         0x08003995   Thumb Code    36  timers.o(i.prvSampleTimeNow)
    i.prvSwitchTimerLists                    0x080039bc   Section        0  timers.o(i.prvSwitchTimerLists)
    prvSwitchTimerLists                      0x080039bd   Thumb Code   104  timers.o(i.prvSwitchTimerLists)
    i.prvTaskExitError                       0x08003a28   Section        0  port.o(i.prvTaskExitError)
    prvTaskExitError                         0x08003a29   Thumb Code    36  port.o(i.prvTaskExitError)
    i.prvTimerTask                           0x08003a50   Section        0  timers.o(i.prvTimerTask)
    prvTimerTask                             0x08003a51   Thumb Code    32  timers.o(i.prvTimerTask)
    i.prvUnlockQueue                         0x08003a74   Section        0  queue.o(i.prvUnlockQueue)
    prvUnlockQueue                           0x08003a75   Thumb Code   106  queue.o(i.prvUnlockQueue)
    i.pvPortMalloc                           0x08003ae0   Section        0  heap_4.o(i.pvPortMalloc)
    i.pxPortInitialiseStack                  0x08003bbc   Section        0  port.o(i.pxPortInitialiseStack)
    i.sqrtf                                  0x08003be8   Section        0  sqrtf.o(i.sqrtf)
    i.uxListRemove                           0x08003c26   Section        0  list.o(i.uxListRemove)
    i.vApplicationGetIdleTaskMemory          0x08003c4c   Section        0  freertos.o(i.vApplicationGetIdleTaskMemory)
    i.vApplicationGetTimerTaskMemory         0x08003c60   Section        0  freertos.o(i.vApplicationGetTimerTaskMemory)
    i.vListInitialise                        0x08003c78   Section        0  list.o(i.vListInitialise)
    i.vListInitialiseItem                    0x08003c8e   Section        0  list.o(i.vListInitialiseItem)
    i.vListInsert                            0x08003c94   Section        0  list.o(i.vListInsert)
    i.vListInsertEnd                         0x08003cc4   Section        0  list.o(i.vListInsertEnd)
    i.vPortEnterCritical                     0x08003cdc   Section        0  port.o(i.vPortEnterCritical)
    i.vPortExitCritical                      0x08003d1c   Section        0  port.o(i.vPortExitCritical)
    i.vPortFree                              0x08003d44   Section        0  heap_4.o(i.vPortFree)
    i.vPortSetupTimerInterrupt               0x08003da8   Section        0  port.o(i.vPortSetupTimerInterrupt)
    i.vPortValidateInterruptPriority         0x08003dcc   Section        0  port.o(i.vPortValidateInterruptPriority)
    i.vQueueAddToRegistry                    0x08003e20   Section        0  queue.o(i.vQueueAddToRegistry)
    i.vQueueWaitForMessageRestricted         0x08003e48   Section        0  queue.o(i.vQueueWaitForMessageRestricted)
    i.vTaskDelay                             0x08003e8c   Section        0  tasks.o(i.vTaskDelay)
    i.vTaskInternalSetTimeOutState           0x08003ed8   Section        0  tasks.o(i.vTaskInternalSetTimeOutState)
    i.vTaskMissedYield                       0x08003ee8   Section        0  tasks.o(i.vTaskMissedYield)
    i.vTaskPlaceOnEventList                  0x08003ef4   Section        0  tasks.o(i.vTaskPlaceOnEventList)
    i.vTaskPlaceOnEventListRestricted        0x08003f24   Section        0  tasks.o(i.vTaskPlaceOnEventListRestricted)
    i.vTaskStartScheduler                    0x08003f5c   Section        0  tasks.o(i.vTaskStartScheduler)
    i.vTaskSuspendAll                        0x08003fe4   Section        0  tasks.o(i.vTaskSuspendAll)
    i.vTaskSwitchContext                     0x08003ff4   Section        0  tasks.o(i.vTaskSwitchContext)
    i.xPortStartScheduler                    0x08004050   Section        0  port.o(i.xPortStartScheduler)
    i.xQueueGenericCreateStatic              0x08004144   Section        0  queue.o(i.xQueueGenericCreateStatic)
    i.xQueueGenericReset                     0x080041ac   Section        0  queue.o(i.xQueueGenericReset)
    i.xQueueGenericSend                      0x08004234   Section        0  queue.o(i.xQueueGenericSend)
    i.xQueueGenericSendFromISR               0x08004394   Section        0  queue.o(i.xQueueGenericSendFromISR)
    i.xQueueReceive                          0x08004454   Section        0  queue.o(i.xQueueReceive)
    i.xTaskCheckForTimeOut                   0x0800458c   Section        0  tasks.o(i.xTaskCheckForTimeOut)
    i.xTaskCreate                            0x08004600   Section        0  tasks.o(i.xTaskCreate)
    i.xTaskCreateStatic                      0x0800465a   Section        0  tasks.o(i.xTaskCreateStatic)
    i.xTaskGetSchedulerState                 0x080046b0   Section        0  tasks.o(i.xTaskGetSchedulerState)
    i.xTaskGetTickCount                      0x080046cc   Section        0  tasks.o(i.xTaskGetTickCount)
    i.xTaskIncrementTick                     0x080046d8   Section        0  tasks.o(i.xTaskIncrementTick)
    i.xTaskPriorityDisinherit                0x080047a4   Section        0  tasks.o(i.xTaskPriorityDisinherit)
    i.xTaskRemoveFromEventList               0x0800483c   Section        0  tasks.o(i.xTaskRemoveFromEventList)
    i.xTaskResumeAll                         0x080048b0   Section        0  tasks.o(i.xTaskResumeAll)
    i.xTimerCreateTimerTask                  0x08004974   Section        0  timers.o(i.xTimerCreateTimerTask)
    i.xTimerGenericCommand                   0x080049d4   Section        0  timers.o(i.xTimerGenericCommand)
    .constdata                               0x08004a34   Section       56  freertos.o(.constdata)
    .constdata                               0x08004a6c   Section       16  system_stm32f4xx.o(.constdata)
    .constdata                               0x08004a7c   Section        8  system_stm32f4xx.o(.constdata)
    .conststring                             0x08004a84   Section       21  freertos.o(.conststring)
    .data                                    0x20000000   Section        8  freertos.o(.data)
    .data                                    0x20000008   Section       12  stm32f4xx_hal.o(.data)
    .data                                    0x20000014   Section        4  system_stm32f4xx.o(.data)
    .data                                    0x20000018   Section       60  tasks.o(.data)
    uxDeletedTasksWaitingCleanUp             0x2000001c   Data           4  tasks.o(.data)
    uxCurrentNumberOfTasks                   0x20000020   Data           4  tasks.o(.data)
    xTickCount                               0x20000024   Data           4  tasks.o(.data)
    uxTopReadyPriority                       0x20000028   Data           4  tasks.o(.data)
    xSchedulerRunning                        0x2000002c   Data           4  tasks.o(.data)
    xPendedTicks                             0x20000030   Data           4  tasks.o(.data)
    xYieldPending                            0x20000034   Data           4  tasks.o(.data)
    xNumOfOverflows                          0x20000038   Data           4  tasks.o(.data)
    uxTaskNumber                             0x2000003c   Data           4  tasks.o(.data)
    xNextTaskUnblockTime                     0x20000040   Data           4  tasks.o(.data)
    xIdleTaskHandle                          0x20000044   Data           4  tasks.o(.data)
    uxSchedulerSuspended                     0x20000048   Data           4  tasks.o(.data)
    pxDelayedTaskList                        0x2000004c   Data           4  tasks.o(.data)
    pxOverflowDelayedTaskList                0x20000050   Data           4  tasks.o(.data)
    .data                                    0x20000054   Section       20  timers.o(.data)
    xTimerQueue                              0x20000054   Data           4  timers.o(.data)
    xTimerTaskHandle                         0x20000058   Data           4  timers.o(.data)
    xLastTime                                0x2000005c   Data           4  timers.o(.data)
    pxCurrentTimerList                       0x20000060   Data           4  timers.o(.data)
    pxOverflowTimerList                      0x20000064   Data           4  timers.o(.data)
    .data                                    0x20000068   Section       32  heap_4.o(.data)
    pxEnd                                    0x20000068   Data           4  heap_4.o(.data)
    xFreeBytesRemaining                      0x2000006c   Data           4  heap_4.o(.data)
    xMinimumEverFreeBytesRemaining           0x20000070   Data           4  heap_4.o(.data)
    xNumberOfSuccessfulAllocations           0x20000074   Data           4  heap_4.o(.data)
    xNumberOfSuccessfulFrees                 0x20000078   Data           4  heap_4.o(.data)
    xBlockAllocatedBit                       0x2000007c   Data           4  heap_4.o(.data)
    xStart                                   0x20000080   Data           8  heap_4.o(.data)
    .data                                    0x20000088   Section       12  port.o(.data)
    ucMaxSysCallPriority                     0x20000088   Data           1  port.o(.data)
    uxCriticalNesting                        0x2000008c   Data           4  port.o(.data)
    ulMaxPRIGROUPValue                       0x20000090   Data           4  port.o(.data)
    .data                                    0x20000094   Section      320  qekf_imu.o(.data)
    x_init                                   0x2000009c   Data          24  qekf_imu.o(.data)
    A_mat_data_init                          0x200000b4   Data         144  qekf_imu.o(.data)
    P_mat_data_init                          0x20000144   Data         144  qekf_imu.o(.data)
    .data                                    0x200001d8   Section       64  bsp_dwt.o(.data)
    bit_locker                               0x200001d8   Data           1  bsp_dwt.o(.data)
    CPU_FREQ_Hz                              0x200001dc   Data           4  bsp_dwt.o(.data)
    CPU_FREQ_Hz_ms                           0x200001e0   Data           4  bsp_dwt.o(.data)
    CPU_FREQ_Hz_us                           0x200001e4   Data           4  bsp_dwt.o(.data)
    CYCCNT_RountCount                        0x200001e8   Data           4  bsp_dwt.o(.data)
    CYCCNT_LAST                              0x200001ec   Data           4  bsp_dwt.o(.data)
    CNT_TEMP1                                0x200001f0   Data           8  bsp_dwt.o(.data)
    CNT_TEMP2                                0x200001f8   Data           8  bsp_dwt.o(.data)
    CNT_TEMP3                                0x20000200   Data           8  bsp_dwt.o(.data)
    SysTime                                  0x20000208   Data           8  bsp_dwt.o(.data)
    CYCCNT64                                 0x20000210   Data           8  bsp_dwt.o(.data)
    .data                                    0x20000218   Section        8  ins_task.o(.data)
    .data                                    0x20000220   Section        4  errno.o(.data)
    _errno                                   0x20000220   Data           4  errno.o(.data)
    .bss                                     0x20000224   Section     1704  freertos.o(.bss)
    xIdleTaskTCBBuffer                       0x20000224   Data          84  freertos.o(.bss)
    xIdleStack                               0x20000278   Data         512  freertos.o(.bss)
    xTimerTaskTCBBuffer                      0x20000478   Data          84  freertos.o(.bss)
    xTimerStack                              0x200004cc   Data        1024  freertos.o(.bss)
    .bss                                     0x200008cc   Section       72  stm32f4xx_hal_timebase_tim.o(.bss)
    .bss                                     0x20000914   Section       64  queue.o(.bss)
    .bss                                     0x20000954   Section      240  tasks.o(.bss)
    pxReadyTasksLists                        0x20000954   Data         140  tasks.o(.bss)
    xDelayedTaskList1                        0x200009e0   Data          20  tasks.o(.bss)
    xDelayedTaskList2                        0x200009f4   Data          20  tasks.o(.bss)
    xPendingReadyList                        0x20000a08   Data          20  tasks.o(.bss)
    xTasksWaitingTermination                 0x20000a1c   Data          20  tasks.o(.bss)
    xSuspendedTaskList                       0x20000a30   Data          20  tasks.o(.bss)
    .bss                                     0x20000a44   Section      232  timers.o(.bss)
    xStaticTimerQueue                        0x20000a44   Data          72  timers.o(.bss)
    ucStaticTimerQueueStorage                0x20000a8c   Data         120  timers.o(.bss)
    xActiveTimerList1                        0x20000b04   Data          20  timers.o(.bss)
    xActiveTimerList2                        0x20000b18   Data          20  timers.o(.bss)
    .bss                                     0x20000b2c   Section    24576  heap_4.o(.bss)
    ucHeap                                   0x20000b2c   Data       24576  heap_4.o(.bss)
    .bss                                     0x20006b2c   Section     3708  ins_task.o(.bss)
    STACK                                    0x200079a8   Section     1024  startup_stm32f411xe.o(STACK)

    Global Symbols

    Symbol Name                              Value     Ov Type        Size  Object(Section)

    BuildAttributes$$THM_ISAv4$E$P$D$K$B$S$7EM$VFPi3$EXTD16$VFPS$VFMA$PE$A:L22UL41UL21$X:L11$S22US41US21$IEEE1$IW$USESV6$~STKCKD$USESV7$~SHL$OTIME$ROPI$IEEEX$EBA8$MICROLIB$REQ8$PRES8$EABIv2 0x00000000   Number         0  anon$$obj.o ABSOLUTE
    __ARM_use_no_argv                        0x00000000   Number         0  main.o ABSOLUTE
    __arm_fini_                               - Undefined Weak Reference
    __cpp_initialize__aeabi_                  - Undefined Weak Reference
    __cxa_finalize                            - Undefined Weak Reference
    _clock_init                               - Undefined Weak Reference
    _microlib_exit                            - Undefined Weak Reference
    __Vectors_Size                           0x00000198   Number         0  startup_stm32f411xe.o ABSOLUTE
    __Vectors                                0x08000000   Data           4  startup_stm32f411xe.o(RESET)
    __Vectors_End                            0x08000198   Data           0  startup_stm32f411xe.o(RESET)
    __main                                   0x08000199   Thumb Code     0  entry.o(.ARM.Collect$$$$00000000)
    _main_stk                                0x08000199   Thumb Code     0  entry2.o(.ARM.Collect$$$$00000001)
    _main_scatterload                        0x0800019d   Thumb Code     0  entry5.o(.ARM.Collect$$$$00000004)
    __main_after_scatterload                 0x080001a1   Thumb Code     0  entry5.o(.ARM.Collect$$$$00000004)
    _main_clock                              0x080001a1   Thumb Code     0  entry7b.o(.ARM.Collect$$$$00000008)
    _main_cpp_init                           0x080001a1   Thumb Code     0  entry8b.o(.ARM.Collect$$$$0000000A)
    _main_init                               0x080001a1   Thumb Code     0  entry9a.o(.ARM.Collect$$$$0000000B)
    __rt_lib_shutdown_fini                   0x080001a9   Thumb Code     0  entry12b.o(.ARM.Collect$$$$0000000E)
    __rt_final_cpp                           0x080001ad   Thumb Code     0  entry10a.o(.ARM.Collect$$$$0000000F)
    __rt_final_exit                          0x080001ad   Thumb Code     0  entry11a.o(.ARM.Collect$$$$00000011)
    SVC_Handler                              0x080001b1   Thumb Code    28  port.o(.emb_text)
    __asm___6_port_c_39a90d8d__prvStartFirstTask 0x080001d1   Thumb Code    36  port.o(.emb_text)
    __asm___6_port_c_39a90d8d__prvEnableVFP  0x080001f9   Thumb Code    16  port.o(.emb_text)
    PendSV_Handler                           0x0800020d   Thumb Code    88  port.o(.emb_text)
    vPortGetIPSR                             0x08000269   Thumb Code     6  port.o(.emb_text)
    Reset_Handler                            0x08000271   Thumb Code     8  startup_stm32f411xe.o(.text)
    ADC_IRQHandler                           0x0800028b   Thumb Code     0  startup_stm32f411xe.o(.text)
    DMA1_Stream0_IRQHandler                  0x0800028b   Thumb Code     0  startup_stm32f411xe.o(.text)
    DMA1_Stream1_IRQHandler                  0x0800028b   Thumb Code     0  startup_stm32f411xe.o(.text)
    DMA1_Stream2_IRQHandler                  0x0800028b   Thumb Code     0  startup_stm32f411xe.o(.text)
    DMA1_Stream3_IRQHandler                  0x0800028b   Thumb Code     0  startup_stm32f411xe.o(.text)
    DMA1_Stream4_IRQHandler                  0x0800028b   Thumb Code     0  startup_stm32f411xe.o(.text)
    DMA1_Stream5_IRQHandler                  0x0800028b   Thumb Code     0  startup_stm32f411xe.o(.text)
    DMA1_Stream6_IRQHandler                  0x0800028b   Thumb Code     0  startup_stm32f411xe.o(.text)
    DMA1_Stream7_IRQHandler                  0x0800028b   Thumb Code     0  startup_stm32f411xe.o(.text)
    DMA2_Stream0_IRQHandler                  0x0800028b   Thumb Code     0  startup_stm32f411xe.o(.text)
    DMA2_Stream1_IRQHandler                  0x0800028b   Thumb Code     0  startup_stm32f411xe.o(.text)
    DMA2_Stream2_IRQHandler                  0x0800028b   Thumb Code     0  startup_stm32f411xe.o(.text)
    DMA2_Stream3_IRQHandler                  0x0800028b   Thumb Code     0  startup_stm32f411xe.o(.text)
    DMA2_Stream4_IRQHandler                  0x0800028b   Thumb Code     0  startup_stm32f411xe.o(.text)
    DMA2_Stream5_IRQHandler                  0x0800028b   Thumb Code     0  startup_stm32f411xe.o(.text)
    DMA2_Stream6_IRQHandler                  0x0800028b   Thumb Code     0  startup_stm32f411xe.o(.text)
    DMA2_Stream7_IRQHandler                  0x0800028b   Thumb Code     0  startup_stm32f411xe.o(.text)
    EXTI0_IRQHandler                         0x0800028b   Thumb Code     0  startup_stm32f411xe.o(.text)
    EXTI15_10_IRQHandler                     0x0800028b   Thumb Code     0  startup_stm32f411xe.o(.text)
    EXTI1_IRQHandler                         0x0800028b   Thumb Code     0  startup_stm32f411xe.o(.text)
    EXTI2_IRQHandler                         0x0800028b   Thumb Code     0  startup_stm32f411xe.o(.text)
    EXTI3_IRQHandler                         0x0800028b   Thumb Code     0  startup_stm32f411xe.o(.text)
    EXTI4_IRQHandler                         0x0800028b   Thumb Code     0  startup_stm32f411xe.o(.text)
    EXTI9_5_IRQHandler                       0x0800028b   Thumb Code     0  startup_stm32f411xe.o(.text)
    FLASH_IRQHandler                         0x0800028b   Thumb Code     0  startup_stm32f411xe.o(.text)
    FPU_IRQHandler                           0x0800028b   Thumb Code     0  startup_stm32f411xe.o(.text)
    I2C1_ER_IRQHandler                       0x0800028b   Thumb Code     0  startup_stm32f411xe.o(.text)
    I2C1_EV_IRQHandler                       0x0800028b   Thumb Code     0  startup_stm32f411xe.o(.text)
    I2C2_ER_IRQHandler                       0x0800028b   Thumb Code     0  startup_stm32f411xe.o(.text)
    I2C2_EV_IRQHandler                       0x0800028b   Thumb Code     0  startup_stm32f411xe.o(.text)
    I2C3_ER_IRQHandler                       0x0800028b   Thumb Code     0  startup_stm32f411xe.o(.text)
    I2C3_EV_IRQHandler                       0x0800028b   Thumb Code     0  startup_stm32f411xe.o(.text)
    OTG_FS_IRQHandler                        0x0800028b   Thumb Code     0  startup_stm32f411xe.o(.text)
    OTG_FS_WKUP_IRQHandler                   0x0800028b   Thumb Code     0  startup_stm32f411xe.o(.text)
    PVD_IRQHandler                           0x0800028b   Thumb Code     0  startup_stm32f411xe.o(.text)
    RCC_IRQHandler                           0x0800028b   Thumb Code     0  startup_stm32f411xe.o(.text)
    RTC_Alarm_IRQHandler                     0x0800028b   Thumb Code     0  startup_stm32f411xe.o(.text)
    RTC_WKUP_IRQHandler                      0x0800028b   Thumb Code     0  startup_stm32f411xe.o(.text)
    SDIO_IRQHandler                          0x0800028b   Thumb Code     0  startup_stm32f411xe.o(.text)
    SPI1_IRQHandler                          0x0800028b   Thumb Code     0  startup_stm32f411xe.o(.text)
    SPI2_IRQHandler                          0x0800028b   Thumb Code     0  startup_stm32f411xe.o(.text)
    SPI3_IRQHandler                          0x0800028b   Thumb Code     0  startup_stm32f411xe.o(.text)
    SPI4_IRQHandler                          0x0800028b   Thumb Code     0  startup_stm32f411xe.o(.text)
    SPI5_IRQHandler                          0x0800028b   Thumb Code     0  startup_stm32f411xe.o(.text)
    TAMP_STAMP_IRQHandler                    0x0800028b   Thumb Code     0  startup_stm32f411xe.o(.text)
    TIM1_BRK_TIM9_IRQHandler                 0x0800028b   Thumb Code     0  startup_stm32f411xe.o(.text)
    TIM1_CC_IRQHandler                       0x0800028b   Thumb Code     0  startup_stm32f411xe.o(.text)
    TIM1_TRG_COM_TIM11_IRQHandler            0x0800028b   Thumb Code     0  startup_stm32f411xe.o(.text)
    TIM2_IRQHandler                          0x0800028b   Thumb Code     0  startup_stm32f411xe.o(.text)
    TIM3_IRQHandler                          0x0800028b   Thumb Code     0  startup_stm32f411xe.o(.text)
    TIM4_IRQHandler                          0x0800028b   Thumb Code     0  startup_stm32f411xe.o(.text)
    TIM5_IRQHandler                          0x0800028b   Thumb Code     0  startup_stm32f411xe.o(.text)
    USART1_IRQHandler                        0x0800028b   Thumb Code     0  startup_stm32f411xe.o(.text)
    USART2_IRQHandler                        0x0800028b   Thumb Code     0  startup_stm32f411xe.o(.text)
    USART6_IRQHandler                        0x0800028b   Thumb Code     0  startup_stm32f411xe.o(.text)
    WWDG_IRQHandler                          0x0800028b   Thumb Code     0  startup_stm32f411xe.o(.text)
    __aeabi_uldivmod                         0x08000295   Thumb Code    98  uldiv.o(.text)
    __aeabi_memcpy                           0x080002f7   Thumb Code    36  memcpya.o(.text)
    __aeabi_memcpy4                          0x080002f7   Thumb Code     0  memcpya.o(.text)
    __aeabi_memcpy8                          0x080002f7   Thumb Code     0  memcpya.o(.text)
    __aeabi_memset                           0x0800031b   Thumb Code    14  memseta.o(.text)
    __aeabi_memset4                          0x0800031b   Thumb Code     0  memseta.o(.text)
    __aeabi_memset8                          0x0800031b   Thumb Code     0  memseta.o(.text)
    __aeabi_memclr                           0x08000329   Thumb Code     4  memseta.o(.text)
    __aeabi_memclr4                          0x08000329   Thumb Code     0  memseta.o(.text)
    __aeabi_memclr8                          0x08000329   Thumb Code     0  memseta.o(.text)
    memset                                   0x0800032d   Thumb Code    18  memseta.o(.text)
    __aeabi_fadd                             0x0800033f   Thumb Code   164  fadd.o(.text)
    __aeabi_fsub                             0x080003e3   Thumb Code     6  fadd.o(.text)
    __aeabi_frsub                            0x080003e9   Thumb Code     6  fadd.o(.text)
    __aeabi_fmul                             0x080003ef   Thumb Code   100  fmul.o(.text)
    __aeabi_fdiv                             0x08000453   Thumb Code   124  fdiv.o(.text)
    __aeabi_ddiv                             0x080004cf   Thumb Code   222  ddiv.o(.text)
    __aeabi_fcmple                           0x080005ad   Thumb Code    28  fcmple.o(.text)
    __aeabi_fcmplt                           0x080005c9   Thumb Code    28  fcmplt.o(.text)
    __aeabi_fcmpgt                           0x080005e5   Thumb Code    28  fcmpgt.o(.text)
    __aeabi_fcmpeq                           0x08000601   Thumb Code    28  fcmpeq.o(.text)
    __aeabi_ui2d                             0x0800061d   Thumb Code    26  dfltui.o(.text)
    __aeabi_f2d                              0x08000637   Thumb Code    38  f2d.o(.text)
    __aeabi_d2f                              0x0800065d   Thumb Code    56  d2f.o(.text)
    __aeabi_llsl                             0x08000695   Thumb Code    30  llshl.o(.text)
    _ll_shift_l                              0x08000695   Thumb Code     0  llshl.o(.text)
    __aeabi_llsr                             0x080006b3   Thumb Code    32  llushr.o(.text)
    _ll_ushift_r                             0x080006b3   Thumb Code     0  llushr.o(.text)
    __I$use$fp                               0x080006d3   Thumb Code     0  iusefp.o(.text)
    _float_round                             0x080006d3   Thumb Code    18  fepilogue.o(.text)
    _float_epilogue                          0x080006e5   Thumb Code    92  fepilogue.o(.text)
    _double_round                            0x08000741   Thumb Code    30  depilogue.o(.text)
    _double_epilogue                         0x0800075f   Thumb Code   156  depilogue.o(.text)
    _dsqrt                                   0x080007fb   Thumb Code   162  dsqrt.o(.text)
    __scatterload                            0x0800089d   Thumb Code    28  init.o(.text)
    __scatterload_rt2                        0x0800089d   Thumb Code     0  init.o(.text)
    __decompress                             0x080008c1   Thumb Code     0  __dczerorl2.o(.text)
    __decompress1                            0x080008c1   Thumb Code    86  __dczerorl2.o(.text)
    arm_dot_prod_f32                         0x08000919   Thumb Code   208  arm_dot_prod_f32.o(.text.arm_dot_prod_f32)
    arm_mat_add_f32                          0x080009e9   Thumb Code   148  arm_mat_add_f32.o(.text.arm_mat_add_f32)
    arm_mat_init_f32                         0x08000a7d   Thumb Code     8  arm_mat_init_f32.o(.text.arm_mat_init_f32)
    arm_mat_inverse_f32                      0x08000a85   Thumb Code   732  arm_mat_inverse_f32.o(.text.arm_mat_inverse_f32)
    arm_mat_mult_f32                         0x08000d61   Thumb Code   376  arm_mat_mult_f32.o(.text.arm_mat_mult_f32)
    arm_mat_sub_f32                          0x08000ed9   Thumb Code   148  arm_mat_sub_f32.o(.text.arm_mat_sub_f32)
    arm_mat_trans_f32                        0x08000f6d   Thumb Code   178  arm_mat_trans_f32.o(.text.arm_mat_trans_f32)
    BusFault_Handler                         0x0800101f   Thumb Code     2  stm32f4xx_it.o(i.BusFault_Handler)
    Chi_square_Check                         0x08001021   Thumb Code   196  qekf_imu.o(i.Chi_square_Check)
    DWT_Delay                                0x08001121   Thumb Code    42  bsp_dwt.o(i.DWT_Delay)
    DWT_GetDeltaT64                          0x08001155   Thumb Code    74  bsp_dwt.o(i.DWT_GetDeltaT64)
    DWT_Init                                 0x080011a9   Thumb Code    56  bsp_dwt.o(i.DWT_Init)
    DebugMon_Handler                         0x080011f1   Thumb Code     2  stm32f4xx_it.o(i.DebugMon_Handler)
    HAL_GPIO_Init                            0x080011f5   Thumb Code   446  stm32f4xx_hal_gpio.o(i.HAL_GPIO_Init)
    HAL_GPIO_ReadPin                         0x080013d5   Thumb Code    10  stm32f4xx_hal_gpio.o(i.HAL_GPIO_ReadPin)
    HAL_GPIO_WritePin                        0x080013df   Thumb Code    10  stm32f4xx_hal_gpio.o(i.HAL_GPIO_WritePin)
    HAL_GetTick                              0x080013e9   Thumb Code     6  stm32f4xx_hal.o(i.HAL_GetTick)
    HAL_IncTick                              0x080013f5   Thumb Code    12  stm32f4xx_hal.o(i.HAL_IncTick)
    HAL_Init                                 0x08001405   Thumb Code    48  stm32f4xx_hal.o(i.HAL_Init)
    HAL_InitTick                             0x08001439   Thumb Code   118  stm32f4xx_hal_timebase_tim.o(i.HAL_InitTick)
    HAL_MspInit                              0x080014c5   Thumb Code    52  stm32f4xx_hal_msp.o(i.HAL_MspInit)
    HAL_NVIC_EnableIRQ                       0x080014fd   Thumb Code    26  stm32f4xx_hal_cortex.o(i.HAL_NVIC_EnableIRQ)
    HAL_NVIC_SetPriority                     0x08001519   Thumb Code    60  stm32f4xx_hal_cortex.o(i.HAL_NVIC_SetPriority)
    HAL_NVIC_SetPriorityGrouping             0x08001559   Thumb Code    26  stm32f4xx_hal_cortex.o(i.HAL_NVIC_SetPriorityGrouping)
    HAL_RCC_ClockConfig                      0x0800157d   Thumb Code   288  stm32f4xx_hal_rcc.o(i.HAL_RCC_ClockConfig)
    HAL_RCC_GetClockConfig                   0x080016b1   Thumb Code    54  stm32f4xx_hal_rcc.o(i.HAL_RCC_GetClockConfig)
    HAL_RCC_GetPCLK2Freq                     0x080016f1   Thumb Code    20  stm32f4xx_hal_rcc.o(i.HAL_RCC_GetPCLK2Freq)
    HAL_RCC_GetSysClockFreq                  0x08001711   Thumb Code    88  stm32f4xx_hal_rcc.o(i.HAL_RCC_GetSysClockFreq)
    HAL_RCC_OscConfig                        0x08001775   Thumb Code   856  stm32f4xx_hal_rcc.o(i.HAL_RCC_OscConfig)
    HAL_TIMEx_BreakCallback                  0x08001ae1   Thumb Code     2  stm32f4xx_hal_tim_ex.o(i.HAL_TIMEx_BreakCallback)
    HAL_TIMEx_CommutCallback                 0x08001ae3   Thumb Code     2  stm32f4xx_hal_tim_ex.o(i.HAL_TIMEx_CommutCallback)
    HAL_TIM_Base_Init                        0x08001ae5   Thumb Code    90  stm32f4xx_hal_tim.o(i.HAL_TIM_Base_Init)
    HAL_TIM_Base_MspInit                     0x08001b3f   Thumb Code     2  stm32f4xx_hal_tim.o(i.HAL_TIM_Base_MspInit)
    HAL_TIM_Base_Start_IT                    0x08001b41   Thumb Code    88  stm32f4xx_hal_tim.o(i.HAL_TIM_Base_Start_IT)
    HAL_TIM_IC_CaptureCallback               0x08001bad   Thumb Code     2  stm32f4xx_hal_tim.o(i.HAL_TIM_IC_CaptureCallback)
    HAL_TIM_IRQHandler                       0x08001baf   Thumb Code   304  stm32f4xx_hal_tim.o(i.HAL_TIM_IRQHandler)
    HAL_TIM_OC_DelayElapsedCallback          0x08001cdf   Thumb Code     2  stm32f4xx_hal_tim.o(i.HAL_TIM_OC_DelayElapsedCallback)
    HAL_TIM_PWM_PulseFinishedCallback        0x08001ce1   Thumb Code     2  stm32f4xx_hal_tim.o(i.HAL_TIM_PWM_PulseFinishedCallback)
    HAL_TIM_PeriodElapsedCallback            0x08001ce5   Thumb Code    14  main.o(i.HAL_TIM_PeriodElapsedCallback)
    HAL_TIM_TriggerCallback                  0x08001cf9   Thumb Code     2  stm32f4xx_hal_tim.o(i.HAL_TIM_TriggerCallback)
    HardFault_Handler                        0x08001cfb   Thumb Code     2  stm32f4xx_it.o(i.HardFault_Handler)
    I2C_Init                                 0x08001cfd   Thumb Code   114  software_i2c.o(i.I2C_Init)
    I2C_R_SDA                                0x08001d79   Thumb Code    24  software_i2c.o(i.I2C_R_SDA)
    I2C_ReceiveAck                           0x08001d99   Thumb Code    30  software_i2c.o(i.I2C_ReceiveAck)
    I2C_ReceiveByte                          0x08001db7   Thumb Code    52  software_i2c.o(i.I2C_ReceiveByte)
    I2C_SendAck                              0x08001deb   Thumb Code    22  software_i2c.o(i.I2C_SendAck)
    I2C_SendByte                             0x08001e01   Thumb Code    40  software_i2c.o(i.I2C_SendByte)
    I2C_Start                                0x08001e29   Thumb Code    30  software_i2c.o(i.I2C_Start)
    I2C_Stop                                 0x08001e47   Thumb Code    24  software_i2c.o(i.I2C_Stop)
    I2C_W_SCL                                0x08001e61   Thumb Code    24  software_i2c.o(i.I2C_W_SCL)
    I2C_W_SDA                                0x08001e81   Thumb Code    24  software_i2c.o(i.I2C_W_SDA)
    KalmanFilter_Init                        0x08001ea1   Thumb Code   492  kalmanfilter.o(i.KalmanFilter_Init)
    KalmanFilter_P_Update                    0x0800208d   Thumb Code    54  kalmanfilter.o(i.KalmanFilter_P_Update)
    KalmanFilter_Pminus_Update               0x080020c3   Thumb Code    68  kalmanfilter.o(i.KalmanFilter_Pminus_Update)
    KalmanFilter_SetK                        0x08002107   Thumb Code   110  kalmanfilter.o(i.KalmanFilter_SetK)
    KalmanFilter_Update                      0x08002175   Thumb Code   236  kalmanfilter.o(i.KalmanFilter_Update)
    KalmanFilter_xhat_Update                 0x08002261   Thumb Code    72  kalmanfilter.o(i.KalmanFilter_xhat_Update)
    KalmanFilter_xhatminus_Update            0x080022a9   Thumb Code    74  kalmanfilter.o(i.KalmanFilter_xhatminus_Update)
    MPU6050_GetACCEL                         0x080022f3   Thumb Code    66  mpu6050.o(i.MPU6050_GetACCEL)
    MPU6050_GetAccel_Value                   0x08002335   Thumb Code    96  mpu6050.o(i.MPU6050_GetAccel_Value)
    MPU6050_GetGYRO                          0x08002395   Thumb Code    66  mpu6050.o(i.MPU6050_GetGYRO)
    MPU6050_GetGyro_Value                    0x080023d9   Thumb Code   104  mpu6050.o(i.MPU6050_GetGyro_Value)
    MPU6050_GetID                            0x08002449   Thumb Code     6  mpu6050.o(i.MPU6050_GetID)
    MPU6050_Init                             0x0800244f   Thumb Code    58  mpu6050.o(i.MPU6050_Init)
    MPU6050_ReadReg                          0x08002489   Thumb Code    62  mpu6050.o(i.MPU6050_ReadReg)
    MPU6050_WriteReg                         0x080024c7   Thumb Code    48  mpu6050.o(i.MPU6050_WriteReg)
    MX_FREERTOS_Init                         0x080024f9   Thumb Code    52  freertos.o(i.MX_FREERTOS_Init)
    MX_GPIO_Init                             0x08002535   Thumb Code   168  gpio.o(i.MX_GPIO_Init)
    MemManage_Handler                        0x080025e9   Thumb Code     2  stm32f4xx_it.o(i.MemManage_Handler)
    NMI_Handler                              0x080025eb   Thumb Code     2  stm32f4xx_it.o(i.NMI_Handler)
    QEKF_IMU_A_Update                        0x080025ed   Thumb Code   572  qekf_imu.o(i.QEKF_IMU_A_Update)
    QEKF_IMU_H_Update                        0x08002835   Thumb Code   138  qekf_imu.o(i.QEKF_IMU_H_Update)
    QEKF_IMU_Init                            0x080028c5   Thumb Code   108  qekf_imu.o(i.QEKF_IMU_Init)
    QEKF_IMU_Update                          0x0800293d   Thumb Code   466  qekf_imu.o(i.QEKF_IMU_Update)
    Scale_Transform                          0x08002b25   Thumb Code    30  mpu6050.o(i.Scale_Transform)
    StartDefaultTask                         0x08002b4d   Thumb Code    12  freertos.o(i.StartDefaultTask)
    StartInsTask                             0x08002b59   Thumb Code   186  ins_task.o(i.StartInsTask)
    SysTick_Handler                          0x08002c2d   Thumb Code    38  port.o(i.SysTick_Handler)
    SystemClock_Config                       0x08002c59   Thumb Code   136  main.o(i.SystemClock_Config)
    SystemInit                               0x08002ce9   Thumb Code    12  system_stm32f4xx.o(i.SystemInit)
    TIM1_UP_TIM10_IRQHandler                 0x08002cf9   Thumb Code     6  stm32f4xx_it.o(i.TIM1_UP_TIM10_IRQHandler)
    TIM_Base_SetConfig                       0x08002d05   Thumb Code   136  stm32f4xx_hal_tim.o(i.TIM_Base_SetConfig)
    UsageFault_Handler                       0x08002da9   Thumb Code     2  stm32f4xx_it.o(i.UsageFault_Handler)
    __ARM_fpclassifyf                        0x08002dab   Thumb Code    38  fpclassifyf.o(i.__ARM_fpclassifyf)
    __hardfp_asinf                           0x08002df1   Thumb Code   258  asinf.o(i.__hardfp_asinf)
    __hardfp_atan2f                          0x08002f1d   Thumb Code   594  atan2f.o(i.__hardfp_atan2f)
    __hardfp_sqrt                            0x080031c9   Thumb Code   122  sqrt.o(i.__hardfp_sqrt)
    __mathlib_flt_infnan                     0x08003243   Thumb Code     6  funder.o(i.__mathlib_flt_infnan)
    __mathlib_flt_infnan2                    0x08003249   Thumb Code     6  funder.o(i.__mathlib_flt_infnan2)
    __mathlib_flt_invalid                    0x08003251   Thumb Code    10  funder.o(i.__mathlib_flt_invalid)
    __mathlib_flt_underflow                  0x08003261   Thumb Code    10  funder.o(i.__mathlib_flt_underflow)
    __scatterload_copy                       0x08003271   Thumb Code    14  handlers.o(i.__scatterload_copy)
    __scatterload_null                       0x0800327f   Thumb Code     2  handlers.o(i.__scatterload_null)
    __scatterload_zeroinit                   0x08003281   Thumb Code    14  handlers.o(i.__scatterload_zeroinit)
    __set_errno                              0x08003291   Thumb Code     6  errno.o(i.__set_errno)
    eliminate_q3                             0x0800329d   Thumb Code    54  qekf_imu.o(i.eliminate_q3)
    main                                     0x080032d9   Thumb Code    22  main.o(i.main)
    osDelay                                  0x080032fb   Thumb Code    14  cmsis_os.o(i.osDelay)
    osKernelStart                            0x08003309   Thumb Code    10  cmsis_os.o(i.osKernelStart)
    osThreadCreate                           0x08003313   Thumb Code    84  cmsis_os.o(i.osThreadCreate)
    pvPortMalloc                             0x08003ae1   Thumb Code   216  heap_4.o(i.pvPortMalloc)
    pxPortInitialiseStack                    0x08003bbd   Thumb Code    40  port.o(i.pxPortInitialiseStack)
    sqrtf                                    0x08003be9   Thumb Code    62  sqrtf.o(i.sqrtf)
    uxListRemove                             0x08003c27   Thumb Code    38  list.o(i.uxListRemove)
    vApplicationGetIdleTaskMemory            0x08003c4d   Thumb Code    16  freertos.o(i.vApplicationGetIdleTaskMemory)
    vApplicationGetTimerTaskMemory           0x08003c61   Thumb Code    18  freertos.o(i.vApplicationGetTimerTaskMemory)
    vListInitialise                          0x08003c79   Thumb Code    22  list.o(i.vListInitialise)
    vListInitialiseItem                      0x08003c8f   Thumb Code     6  list.o(i.vListInitialiseItem)
    vListInsert                              0x08003c95   Thumb Code    48  list.o(i.vListInsert)
    vListInsertEnd                           0x08003cc5   Thumb Code    24  list.o(i.vListInsertEnd)
    vPortEnterCritical                       0x08003cdd   Thumb Code    54  port.o(i.vPortEnterCritical)
    vPortExitCritical                        0x08003d1d   Thumb Code    34  port.o(i.vPortExitCritical)
    vPortFree                                0x08003d45   Thumb Code    94  heap_4.o(i.vPortFree)
    vPortSetupTimerInterrupt                 0x08003da9   Thumb Code    32  port.o(i.vPortSetupTimerInterrupt)
    vPortValidateInterruptPriority           0x08003dcd   Thumb Code    74  port.o(i.vPortValidateInterruptPriority)
    vQueueAddToRegistry                      0x08003e21   Thumb Code    34  queue.o(i.vQueueAddToRegistry)
    vQueueWaitForMessageRestricted           0x08003e49   Thumb Code    68  queue.o(i.vQueueWaitForMessageRestricted)
    vTaskDelay                               0x08003e8d   Thumb Code    66  tasks.o(i.vTaskDelay)
    vTaskInternalSetTimeOutState             0x08003ed9   Thumb Code    12  tasks.o(i.vTaskInternalSetTimeOutState)
    vTaskMissedYield                         0x08003ee9   Thumb Code     8  tasks.o(i.vTaskMissedYield)
    vTaskPlaceOnEventList                    0x08003ef5   Thumb Code    44  tasks.o(i.vTaskPlaceOnEventList)
    vTaskPlaceOnEventListRestricted          0x08003f25   Thumb Code    52  tasks.o(i.vTaskPlaceOnEventListRestricted)
    vTaskStartScheduler                      0x08003f5d   Thumb Code   118  tasks.o(i.vTaskStartScheduler)
    vTaskSuspendAll                          0x08003fe5   Thumb Code    10  tasks.o(i.vTaskSuspendAll)
    vTaskSwitchContext                       0x08003ff5   Thumb Code    82  tasks.o(i.vTaskSwitchContext)
    xPortStartScheduler                      0x08004051   Thumb Code   222  port.o(i.xPortStartScheduler)
    xQueueGenericCreateStatic                0x08004145   Thumb Code   102  queue.o(i.xQueueGenericCreateStatic)
    xQueueGenericReset                       0x080041ad   Thumb Code   132  queue.o(i.xQueueGenericReset)
    xQueueGenericSend                        0x08004235   Thumb Code   346  queue.o(i.xQueueGenericSend)
    xQueueGenericSendFromISR                 0x08004395   Thumb Code   190  queue.o(i.xQueueGenericSendFromISR)
    xQueueReceive                            0x08004455   Thumb Code   308  queue.o(i.xQueueReceive)
    xTaskCheckForTimeOut                     0x0800458d   Thumb Code   112  tasks.o(i.xTaskCheckForTimeOut)
    xTaskCreate                              0x08004601   Thumb Code    90  tasks.o(i.xTaskCreate)
    xTaskCreateStatic                        0x0800465b   Thumb Code    86  tasks.o(i.xTaskCreateStatic)
    xTaskGetSchedulerState                   0x080046b1   Thumb Code    22  tasks.o(i.xTaskGetSchedulerState)
    xTaskGetTickCount                        0x080046cd   Thumb Code     6  tasks.o(i.xTaskGetTickCount)
    xTaskIncrementTick                       0x080046d9   Thumb Code   194  tasks.o(i.xTaskIncrementTick)
    xTaskPriorityDisinherit                  0x080047a5   Thumb Code   144  tasks.o(i.xTaskPriorityDisinherit)
    xTaskRemoveFromEventList                 0x0800483d   Thumb Code   108  tasks.o(i.xTaskRemoveFromEventList)
    xTaskResumeAll                           0x080048b1   Thumb Code   182  tasks.o(i.xTaskResumeAll)
    xTimerCreateTimerTask                    0x08004975   Thumb Code    78  timers.o(i.xTimerCreateTimerTask)
    xTimerGenericCommand                     0x080049d5   Thumb Code    92  timers.o(i.xTimerGenericCommand)
    AHBPrescTable                            0x08004a6c   Data          16  system_stm32f4xx.o(.constdata)
    APBPrescTable                            0x08004a7c   Data           8  system_stm32f4xx.o(.constdata)
    Region$$Table$$Base                      0x08004a9c   Number         0  anon$$obj.o(Region$$Table)
    Region$$Table$$Limit                     0x08004abc   Number         0  anon$$obj.o(Region$$Table)
    InsTaskHandle                            0x20000000   Data           4  freertos.o(.data)
    defaultTaskHandle                        0x20000004   Data           4  freertos.o(.data)
    uwTickFreq                               0x20000008   Data           1  stm32f4xx_hal.o(.data)
    uwTickPrio                               0x2000000c   Data           4  stm32f4xx_hal.o(.data)
    uwTick                                   0x20000010   Data           4  stm32f4xx_hal.o(.data)
    SystemCoreClock                          0x20000014   Data           4  system_stm32f4xx.o(.data)
    pxCurrentTCB                             0x20000018   Data           4  tasks.o(.data)
    Chi_square_result                        0x20000094   Data           4  qekf_imu.o(.data)
    Chi_square_skip_count                    0x20000098   Data           4  qekf_imu.o(.data)
    who_you_are                              0x20000218   Data           1  ins_task.o(.data)
    time_line                                0x2000021c   Data           4  ins_task.o(.data)
    htim1                                    0x200008cc   Data          72  stm32f4xx_hal_timebase_tim.o(.bss)
    xQueueRegistry                           0x20000914   Data          64  queue.o(.bss)
    accel                                    0x20006b2c   Data          12  ins_task.o(.bss)
    gyro                                     0x20006b38   Data          12  ins_task.o(.bss)
    gyro_rad                                 0x20006b44   Data          12  ins_task.o(.bss)
    ins_data                                 0x20006b50   Data          40  ins_task.o(.bss)
    qekf_imu                                 0x20006b78   Data        3632  ins_task.o(.bss)
    __initial_sp                             0x20007da8   Data           0  startup_stm32f411xe.o(STACK)



==============================================================================

Memory Map of the image

  Image Entry point : 0x08000199

  Load Region LR_IROM1 (Base: 0x08000000, Size: 0x00004ce0, Max: 0x00080000, ABSOLUTE, COMPRESSED[0x00004af4])

    Execution Region ER_IROM1 (Exec base: 0x08000000, Load base: 0x08000000, Size: 0x00004abc, Max: 0x00080000, ABSOLUTE)

    Exec Addr    Load Addr    Size         Type   Attr      Idx    E Section Name        Object

    0x08000000   0x08000000   0x00000198   Data   RO            3    RESET               startup_stm32f411xe.o
    0x08000198   0x08000198   0x00000000   Code   RO         4910  * .ARM.Collect$$$$00000000  mc_w.l(entry.o)
    0x08000198   0x08000198   0x00000004   Code   RO         4973    .ARM.Collect$$$$00000001  mc_w.l(entry2.o)
    0x0800019c   0x0800019c   0x00000004   Code   RO         4976    .ARM.Collect$$$$00000004  mc_w.l(entry5.o)
    0x080001a0   0x080001a0   0x00000000   Code   RO         4978    .ARM.Collect$$$$00000008  mc_w.l(entry7b.o)
    0x080001a0   0x080001a0   0x00000000   Code   RO         4980    .ARM.Collect$$$$0000000A  mc_w.l(entry8b.o)
    0x080001a0   0x080001a0   0x00000008   Code   RO         4981    .ARM.Collect$$$$0000000B  mc_w.l(entry9a.o)
    0x080001a8   0x080001a8   0x00000004   Code   RO         4988    .ARM.Collect$$$$0000000E  mc_w.l(entry12b.o)
    0x080001ac   0x080001ac   0x00000000   Code   RO         4983    .ARM.Collect$$$$0000000F  mc_w.l(entry10a.o)
    0x080001ac   0x080001ac   0x00000000   Code   RO         4985    .ARM.Collect$$$$00000011  mc_w.l(entry11a.o)
    0x080001ac   0x080001ac   0x00000004   Code   RO         4974    .ARM.Collect$$$$00002712  mc_w.l(entry2.o)
    0x080001b0   0x080001b0   0x000000be   Code   RO         4144    .emb_text           port.o
    0x0800026e   0x0800026e   0x00000002   PAD
    0x08000270   0x08000270   0x00000024   Code   RO            4    .text               startup_stm32f411xe.o
    0x08000294   0x08000294   0x00000062   Code   RO         4913    .text               mc_w.l(uldiv.o)
    0x080002f6   0x080002f6   0x00000024   Code   RO         4915    .text               mc_w.l(memcpya.o)
    0x0800031a   0x0800031a   0x00000024   Code   RO         4919    .text               mc_w.l(memseta.o)
    0x0800033e   0x0800033e   0x000000b0   Code   RO         4923    .text               mf_w.l(fadd.o)
    0x080003ee   0x080003ee   0x00000064   Code   RO         4925    .text               mf_w.l(fmul.o)
    0x08000452   0x08000452   0x0000007c   Code   RO         4927    .text               mf_w.l(fdiv.o)
    0x080004ce   0x080004ce   0x000000de   Code   RO         4929    .text               mf_w.l(ddiv.o)
    0x080005ac   0x080005ac   0x0000001c   Code   RO         4931    .text               mf_w.l(fcmple.o)
    0x080005c8   0x080005c8   0x0000001c   Code   RO         4933    .text               mf_w.l(fcmplt.o)
    0x080005e4   0x080005e4   0x0000001c   Code   RO         4935    .text               mf_w.l(fcmpgt.o)
    0x08000600   0x08000600   0x0000001c   Code   RO         4937    .text               mf_w.l(fcmpeq.o)
    0x0800061c   0x0800061c   0x0000001a   Code   RO         4939    .text               mf_w.l(dfltui.o)
    0x08000636   0x08000636   0x00000026   Code   RO         4941    .text               mf_w.l(f2d.o)
    0x0800065c   0x0800065c   0x00000038   Code   RO         4943    .text               mf_w.l(d2f.o)
    0x08000694   0x08000694   0x0000001e   Code   RO         4989    .text               mc_w.l(llshl.o)
    0x080006b2   0x080006b2   0x00000020   Code   RO         4991    .text               mc_w.l(llushr.o)
    0x080006d2   0x080006d2   0x00000000   Code   RO         5000    .text               mc_w.l(iusefp.o)
    0x080006d2   0x080006d2   0x0000006e   Code   RO         5001    .text               mf_w.l(fepilogue.o)
    0x08000740   0x08000740   0x000000ba   Code   RO         5003    .text               mf_w.l(depilogue.o)
    0x080007fa   0x080007fa   0x000000a2   Code   RO         5005    .text               mf_w.l(dsqrt.o)
    0x0800089c   0x0800089c   0x00000024   Code   RO         5009    .text               mc_w.l(init.o)
    0x080008c0   0x080008c0   0x00000056   Code   RO         5019    .text               mc_w.l(__dczerorl2.o)
    0x08000916   0x08000916   0x00000002   PAD
    0x08000918   0x08000918   0x000000d0   Code   RO         4806    .text.arm_dot_prod_f32  arm_cortexM4l_math.lib(arm_dot_prod_f32.o)
    0x080009e8   0x080009e8   0x00000094   Code   RO         4816    .text.arm_mat_add_f32  arm_cortexM4l_math.lib(arm_mat_add_f32.o)
    0x08000a7c   0x08000a7c   0x00000008   Code   RO         4826    .text.arm_mat_init_f32  arm_cortexM4l_math.lib(arm_mat_init_f32.o)
    0x08000a84   0x08000a84   0x000002dc   Code   RO         4835    .text.arm_mat_inverse_f32  arm_cortexM4l_math.lib(arm_mat_inverse_f32.o)
    0x08000d60   0x08000d60   0x00000178   Code   RO         4845    .text.arm_mat_mult_f32  arm_cortexM4l_math.lib(arm_mat_mult_f32.o)
    0x08000ed8   0x08000ed8   0x00000094   Code   RO         4855    .text.arm_mat_sub_f32  arm_cortexM4l_math.lib(arm_mat_sub_f32.o)
    0x08000f6c   0x08000f6c   0x000000b2   Code   RO         4865    .text.arm_mat_trans_f32  arm_cortexM4l_math.lib(arm_mat_trans_f32.o)
    0x0800101e   0x0800101e   0x00000002   Code   RO          437    i.BusFault_Handler  stm32f4xx_it.o
    0x08001020   0x08001020   0x000000cc   Code   RO         4353    i.Chi_square_Check  qekf_imu.o
    0x080010ec   0x080010ec   0x00000034   Code   RO         4413    i.DWT_CNT_Update    bsp_dwt.o
    0x08001120   0x08001120   0x00000034   Code   RO         4414    i.DWT_Delay         bsp_dwt.o
    0x08001154   0x08001154   0x00000054   Code   RO         4416    i.DWT_GetDeltaT64   bsp_dwt.o
    0x080011a8   0x080011a8   0x00000048   Code   RO         4420    i.DWT_Init          bsp_dwt.o
    0x080011f0   0x080011f0   0x00000002   Code   RO          438    i.DebugMon_Handler  stm32f4xx_it.o
    0x080011f2   0x080011f2   0x00000002   PAD
    0x080011f4   0x080011f4   0x000001e0   Code   RO          973    i.HAL_GPIO_Init     stm32f4xx_hal_gpio.o
    0x080013d4   0x080013d4   0x0000000a   Code   RO          975    i.HAL_GPIO_ReadPin  stm32f4xx_hal_gpio.o
    0x080013de   0x080013de   0x0000000a   Code   RO          977    i.HAL_GPIO_WritePin  stm32f4xx_hal_gpio.o
    0x080013e8   0x080013e8   0x0000000c   Code   RO         1535    i.HAL_GetTick       stm32f4xx_hal.o
    0x080013f4   0x080013f4   0x00000010   Code   RO         1541    i.HAL_IncTick       stm32f4xx_hal.o
    0x08001404   0x08001404   0x00000034   Code   RO         1542    i.HAL_Init          stm32f4xx_hal.o
    0x08001438   0x08001438   0x0000008c   Code   RO          525    i.HAL_InitTick      stm32f4xx_hal_timebase_tim.o
    0x080014c4   0x080014c4   0x00000038   Code   RO          501    i.HAL_MspInit       stm32f4xx_hal_msp.o
    0x080014fc   0x080014fc   0x0000001a   Code   RO         1387    i.HAL_NVIC_EnableIRQ  stm32f4xx_hal_cortex.o
    0x08001516   0x08001516   0x00000002   PAD
    0x08001518   0x08001518   0x00000040   Code   RO         1393    i.HAL_NVIC_SetPriority  stm32f4xx_hal_cortex.o
    0x08001558   0x08001558   0x00000024   Code   RO         1394    i.HAL_NVIC_SetPriorityGrouping  stm32f4xx_hal_cortex.o
    0x0800157c   0x0800157c   0x00000134   Code   RO          565    i.HAL_RCC_ClockConfig  stm32f4xx_hal_rcc.o
    0x080016b0   0x080016b0   0x00000040   Code   RO          569    i.HAL_RCC_GetClockConfig  stm32f4xx_hal_rcc.o
    0x080016f0   0x080016f0   0x00000020   Code   RO          573    i.HAL_RCC_GetPCLK2Freq  stm32f4xx_hal_rcc.o
    0x08001710   0x08001710   0x00000064   Code   RO          574    i.HAL_RCC_GetSysClockFreq  stm32f4xx_hal_rcc.o
    0x08001774   0x08001774   0x0000036c   Code   RO          577    i.HAL_RCC_OscConfig  stm32f4xx_hal_rcc.o
    0x08001ae0   0x08001ae0   0x00000002   Code   RO         2486    i.HAL_TIMEx_BreakCallback  stm32f4xx_hal_tim_ex.o
    0x08001ae2   0x08001ae2   0x00000002   Code   RO         2487    i.HAL_TIMEx_CommutCallback  stm32f4xx_hal_tim_ex.o
    0x08001ae4   0x08001ae4   0x0000005a   Code   RO         1782    i.HAL_TIM_Base_Init  stm32f4xx_hal_tim.o
    0x08001b3e   0x08001b3e   0x00000002   Code   RO         1784    i.HAL_TIM_Base_MspInit  stm32f4xx_hal_tim.o
    0x08001b40   0x08001b40   0x0000006c   Code   RO         1787    i.HAL_TIM_Base_Start_IT  stm32f4xx_hal_tim.o
    0x08001bac   0x08001bac   0x00000002   Code   RO         1816    i.HAL_TIM_IC_CaptureCallback  stm32f4xx_hal_tim.o
    0x08001bae   0x08001bae   0x00000130   Code   RO         1830    i.HAL_TIM_IRQHandler  stm32f4xx_hal_tim.o
    0x08001cde   0x08001cde   0x00000002   Code   RO         1833    i.HAL_TIM_OC_DelayElapsedCallback  stm32f4xx_hal_tim.o
    0x08001ce0   0x08001ce0   0x00000002   Code   RO         1860    i.HAL_TIM_PWM_PulseFinishedCallback  stm32f4xx_hal_tim.o
    0x08001ce2   0x08001ce2   0x00000002   PAD
    0x08001ce4   0x08001ce4   0x00000014   Code   RO           14    i.HAL_TIM_PeriodElapsedCallback  main.o
    0x08001cf8   0x08001cf8   0x00000002   Code   RO         1873    i.HAL_TIM_TriggerCallback  stm32f4xx_hal_tim.o
    0x08001cfa   0x08001cfa   0x00000002   Code   RO          439    i.HardFault_Handler  stm32f4xx_it.o
    0x08001cfc   0x08001cfc   0x0000007c   Code   RO         4573    i.I2C_Init          software_i2c.o
    0x08001d78   0x08001d78   0x00000020   Code   RO         4574    i.I2C_R_SDA         software_i2c.o
    0x08001d98   0x08001d98   0x0000001e   Code   RO         4575    i.I2C_ReceiveAck    software_i2c.o
    0x08001db6   0x08001db6   0x00000034   Code   RO         4576    i.I2C_ReceiveByte   software_i2c.o
    0x08001dea   0x08001dea   0x00000016   Code   RO         4577    i.I2C_SendAck       software_i2c.o
    0x08001e00   0x08001e00   0x00000028   Code   RO         4578    i.I2C_SendByte      software_i2c.o
    0x08001e28   0x08001e28   0x0000001e   Code   RO         4579    i.I2C_Start         software_i2c.o
    0x08001e46   0x08001e46   0x00000018   Code   RO         4580    i.I2C_Stop          software_i2c.o
    0x08001e5e   0x08001e5e   0x00000002   PAD
    0x08001e60   0x08001e60   0x00000020   Code   RO         4581    i.I2C_W_SCL         software_i2c.o
    0x08001e80   0x08001e80   0x00000020   Code   RO         4582    i.I2C_W_SDA         software_i2c.o
    0x08001ea0   0x08001ea0   0x000001ec   Code   RO         4224    i.KalmanFilter_Init  kalmanfilter.o
    0x0800208c   0x0800208c   0x00000036   Code   RO         4225    i.KalmanFilter_P_Update  kalmanfilter.o
    0x080020c2   0x080020c2   0x00000044   Code   RO         4226    i.KalmanFilter_Pminus_Update  kalmanfilter.o
    0x08002106   0x08002106   0x0000006e   Code   RO         4227    i.KalmanFilter_SetK  kalmanfilter.o
    0x08002174   0x08002174   0x000000ec   Code   RO         4228    i.KalmanFilter_Update  kalmanfilter.o
    0x08002260   0x08002260   0x00000048   Code   RO         4229    i.KalmanFilter_xhat_Update  kalmanfilter.o
    0x080022a8   0x080022a8   0x0000004a   Code   RO         4230    i.KalmanFilter_xhatminus_Update  kalmanfilter.o
    0x080022f2   0x080022f2   0x00000042   Code   RO         4487    i.MPU6050_GetACCEL  mpu6050.o
    0x08002334   0x08002334   0x00000060   Code   RO         4488    i.MPU6050_GetAccel_Value  mpu6050.o
    0x08002394   0x08002394   0x00000042   Code   RO         4489    i.MPU6050_GetGYRO   mpu6050.o
    0x080023d6   0x080023d6   0x00000002   PAD
    0x080023d8   0x080023d8   0x00000070   Code   RO         4490    i.MPU6050_GetGyro_Value  mpu6050.o
    0x08002448   0x08002448   0x00000006   Code   RO         4491    i.MPU6050_GetID     mpu6050.o
    0x0800244e   0x0800244e   0x0000003a   Code   RO         4492    i.MPU6050_Init      mpu6050.o
    0x08002488   0x08002488   0x0000003e   Code   RO         4494    i.MPU6050_ReadReg   mpu6050.o
    0x080024c6   0x080024c6   0x00000030   Code   RO         4496    i.MPU6050_WriteReg  mpu6050.o
    0x080024f6   0x080024f6   0x00000002   PAD
    0x080024f8   0x080024f8   0x0000003c   Code   RO          381    i.MX_FREERTOS_Init  freertos.o
    0x08002534   0x08002534   0x000000b4   Code   RO          267    i.MX_GPIO_Init      gpio.o
    0x080025e8   0x080025e8   0x00000002   Code   RO          440    i.MemManage_Handler  stm32f4xx_it.o
    0x080025ea   0x080025ea   0x00000002   Code   RO          441    i.NMI_Handler       stm32f4xx_it.o
    0x080025ec   0x080025ec   0x00000248   Code   RO         4354    i.QEKF_IMU_A_Update  qekf_imu.o
    0x08002834   0x08002834   0x00000090   Code   RO         4355    i.QEKF_IMU_H_Update  qekf_imu.o
    0x080028c4   0x080028c4   0x00000078   Code   RO         4356    i.QEKF_IMU_Init     qekf_imu.o
    0x0800293c   0x0800293c   0x000001e8   Code   RO         4357    i.QEKF_IMU_Update   qekf_imu.o
    0x08002b24   0x08002b24   0x00000028   Code   RO         4497    i.Scale_Transform   mpu6050.o
    0x08002b4c   0x08002b4c   0x0000000c   Code   RO          382    i.StartDefaultTask  freertos.o
    0x08002b58   0x08002b58   0x000000d4   Code   RO         4712    i.StartInsTask      ins_task.o
    0x08002c2c   0x08002c2c   0x0000002c   Code   RO         4145    i.SysTick_Handler   port.o
    0x08002c58   0x08002c58   0x00000090   Code   RO           15    i.SystemClock_Config  main.o
    0x08002ce8   0x08002ce8   0x00000010   Code   RO         2754    i.SystemInit        system_stm32f4xx.o
    0x08002cf8   0x08002cf8   0x0000000c   Code   RO          442    i.TIM1_UP_TIM10_IRQHandler  stm32f4xx_it.o
    0x08002d04   0x08002d04   0x000000a4   Code   RO         1875    i.TIM_Base_SetConfig  stm32f4xx_hal_tim.o
    0x08002da8   0x08002da8   0x00000002   Code   RO          443    i.UsageFault_Handler  stm32f4xx_it.o
    0x08002daa   0x08002daa   0x00000026   Code   RO         4945    i.__ARM_fpclassifyf  m_wm.l(fpclassifyf.o)
    0x08002dd0   0x08002dd0   0x00000020   Code   RO         1400    i.__NVIC_SetPriority  stm32f4xx_hal_cortex.o
    0x08002df0   0x08002df0   0x0000012c   Code   RO         4874    i.__hardfp_asinf    m_wm.l(asinf.o)
    0x08002f1c   0x08002f1c   0x000002ac   Code   RO         4886    i.__hardfp_atan2f   m_wm.l(atan2f.o)
    0x080031c8   0x080031c8   0x0000007a   Code   RO         4898    i.__hardfp_sqrt     m_wm.l(sqrt.o)
    0x08003242   0x08003242   0x00000006   Code   RO         4948    i.__mathlib_flt_infnan  m_wm.l(funder.o)
    0x08003248   0x08003248   0x00000006   Code   RO         4949    i.__mathlib_flt_infnan2  m_wm.l(funder.o)
    0x0800324e   0x0800324e   0x00000002   PAD
    0x08003250   0x08003250   0x00000010   Code   RO         4950    i.__mathlib_flt_invalid  m_wm.l(funder.o)
    0x08003260   0x08003260   0x00000010   Code   RO         4953    i.__mathlib_flt_underflow  m_wm.l(funder.o)
    0x08003270   0x08003270   0x0000000e   Code   RO         5013    i.__scatterload_copy  mc_w.l(handlers.o)
    0x0800327e   0x0800327e   0x00000002   Code   RO         5014    i.__scatterload_null  mc_w.l(handlers.o)
    0x08003280   0x08003280   0x0000000e   Code   RO         5015    i.__scatterload_zeroinit  mc_w.l(handlers.o)
    0x0800328e   0x0800328e   0x00000002   PAD
    0x08003290   0x08003290   0x0000000c   Code   RO         4995    i.__set_errno       mc_w.l(errno.o)
    0x0800329c   0x0800329c   0x0000003c   Code   RO         4358    i.eliminate_q3      qekf_imu.o
    0x080032d8   0x080032d8   0x00000016   Code   RO           16    i.main              main.o
    0x080032ee   0x080032ee   0x0000000c   Code   RO         3722    i.makeFreeRtosPriority  cmsis_os.o
    0x080032fa   0x080032fa   0x0000000e   Code   RO         3724    i.osDelay           cmsis_os.o
    0x08003308   0x08003308   0x0000000a   Code   RO         3727    i.osKernelStart     cmsis_os.o
    0x08003312   0x08003312   0x00000054   Code   RO         3761    i.osThreadCreate    cmsis_os.o
    0x08003366   0x08003366   0x00000002   PAD
    0x08003368   0x08003368   0x00000070   Code   RO         3262    i.prvAddCurrentTaskToDelayedList  tasks.o
    0x080033d8   0x080033d8   0x000000d0   Code   RO         3263    i.prvAddNewTaskToReadyList  tasks.o
    0x080034a8   0x080034a8   0x00000058   Code   RO         3576    i.prvCheckForValidListAndQueue  timers.o
    0x08003500   0x08003500   0x00000026   Code   RO         2932    i.prvCopyDataFromQueue  queue.o
    0x08003526   0x08003526   0x0000006c   Code   RO         2933    i.prvCopyDataToQueue  queue.o
    0x08003592   0x08003592   0x00000034   Code   RO         3264    i.prvDeleteTCB      tasks.o
    0x080035c6   0x080035c6   0x00000002   PAD
    0x080035c8   0x080035c8   0x0000004c   Code   RO         4089    i.prvHeapInit       heap_4.o
    0x08003614   0x08003614   0x00000060   Code   RO         3265    i.prvIdleTask       tasks.o
    0x08003674   0x08003674   0x00000016   Code   RO         2935    i.prvInitialiseNewQueue  queue.o
    0x0800368a   0x0800368a   0x00000098   Code   RO         3266    i.prvInitialiseNewTask  tasks.o
    0x08003722   0x08003722   0x00000002   PAD
    0x08003724   0x08003724   0x0000004c   Code   RO         4090    i.prvInsertBlockIntoFreeList  heap_4.o
    0x08003770   0x08003770   0x00000038   Code   RO         3578    i.prvInsertTimerInActiveList  timers.o
    0x080037a8   0x080037a8   0x0000001c   Code   RO         2936    i.prvIsQueueEmpty   queue.o
    0x080037c4   0x080037c4   0x000000f0   Code   RO         3579    i.prvProcessReceivedCommands  timers.o
    0x080038b4   0x080038b4   0x000000c0   Code   RO         3580    i.prvProcessTimerOrBlockTask  timers.o
    0x08003974   0x08003974   0x00000020   Code   RO         3267    i.prvResetNextTaskUnblockTime  tasks.o
    0x08003994   0x08003994   0x00000028   Code   RO         3581    i.prvSampleTimeNow  timers.o
    0x080039bc   0x080039bc   0x0000006c   Code   RO         3582    i.prvSwitchTimerLists  timers.o
    0x08003a28   0x08003a28   0x00000028   Code   RO         4146    i.prvTaskExitError  port.o
    0x08003a50   0x08003a50   0x00000024   Code   RO         3583    i.prvTimerTask      timers.o
    0x08003a74   0x08003a74   0x0000006a   Code   RO         2937    i.prvUnlockQueue    queue.o
    0x08003ade   0x08003ade   0x00000002   PAD
    0x08003ae0   0x08003ae0   0x000000dc   Code   RO         4091    i.pvPortMalloc      heap_4.o
    0x08003bbc   0x08003bbc   0x0000002c   Code   RO         4147    i.pxPortInitialiseStack  port.o
    0x08003be8   0x08003be8   0x0000003e   Code   RO         4963    i.sqrtf             m_wm.l(sqrtf.o)
    0x08003c26   0x08003c26   0x00000026   Code   RO         2892    i.uxListRemove      list.o
    0x08003c4c   0x08003c4c   0x00000014   Code   RO          383    i.vApplicationGetIdleTaskMemory  freertos.o
    0x08003c60   0x08003c60   0x00000018   Code   RO          384    i.vApplicationGetTimerTaskMemory  freertos.o
    0x08003c78   0x08003c78   0x00000016   Code   RO         2893    i.vListInitialise   list.o
    0x08003c8e   0x08003c8e   0x00000006   Code   RO         2894    i.vListInitialiseItem  list.o
    0x08003c94   0x08003c94   0x00000030   Code   RO         2895    i.vListInsert       list.o
    0x08003cc4   0x08003cc4   0x00000018   Code   RO         2896    i.vListInsertEnd    list.o
    0x08003cdc   0x08003cdc   0x00000040   Code   RO         4149    i.vPortEnterCritical  port.o
    0x08003d1c   0x08003d1c   0x00000028   Code   RO         4150    i.vPortExitCritical  port.o
    0x08003d44   0x08003d44   0x00000064   Code   RO         4092    i.vPortFree         heap_4.o
    0x08003da8   0x08003da8   0x00000024   Code   RO         4151    i.vPortSetupTimerInterrupt  port.o
    0x08003dcc   0x08003dcc   0x00000054   Code   RO         4152    i.vPortValidateInterruptPriority  port.o
    0x08003e20   0x08003e20   0x00000028   Code   RO         2941    i.vQueueAddToRegistry  queue.o
    0x08003e48   0x08003e48   0x00000044   Code   RO         2944    i.vQueueWaitForMessageRestricted  queue.o
    0x08003e8c   0x08003e8c   0x0000004c   Code   RO         3276    i.vTaskDelay        tasks.o
    0x08003ed8   0x08003ed8   0x00000010   Code   RO         3279    i.vTaskInternalSetTimeOutState  tasks.o
    0x08003ee8   0x08003ee8   0x0000000c   Code   RO         3280    i.vTaskMissedYield  tasks.o
    0x08003ef4   0x08003ef4   0x00000030   Code   RO         3282    i.vTaskPlaceOnEventList  tasks.o
    0x08003f24   0x08003f24   0x00000038   Code   RO         3283    i.vTaskPlaceOnEventListRestricted  tasks.o
    0x08003f5c   0x08003f5c   0x00000088   Code   RO         3290    i.vTaskStartScheduler  tasks.o
    0x08003fe4   0x08003fe4   0x00000010   Code   RO         3292    i.vTaskSuspendAll   tasks.o
    0x08003ff4   0x08003ff4   0x0000005c   Code   RO         3293    i.vTaskSwitchContext  tasks.o
    0x08004050   0x08004050   0x000000f4   Code   RO         4153    i.xPortStartScheduler  port.o
    0x08004144   0x08004144   0x00000066   Code   RO         2948    i.xQueueGenericCreateStatic  queue.o
    0x080041aa   0x080041aa   0x00000002   PAD
    0x080041ac   0x080041ac   0x00000088   Code   RO         2949    i.xQueueGenericReset  queue.o
    0x08004234   0x08004234   0x00000160   Code   RO         2950    i.xQueueGenericSend  queue.o
    0x08004394   0x08004394   0x000000be   Code   RO         2951    i.xQueueGenericSendFromISR  queue.o
    0x08004452   0x08004452   0x00000002   PAD
    0x08004454   0x08004454   0x00000138   Code   RO         2957    i.xQueueReceive     queue.o
    0x0800458c   0x0800458c   0x00000074   Code   RO         3295    i.xTaskCheckForTimeOut  tasks.o
    0x08004600   0x08004600   0x0000005a   Code   RO         3296    i.xTaskCreate       tasks.o
    0x0800465a   0x0800465a   0x00000056   Code   RO         3297    i.xTaskCreateStatic  tasks.o
    0x080046b0   0x080046b0   0x0000001c   Code   RO         3301    i.xTaskGetSchedulerState  tasks.o
    0x080046cc   0x080046cc   0x0000000c   Code   RO         3302    i.xTaskGetTickCount  tasks.o
    0x080046d8   0x080046d8   0x000000cc   Code   RO         3304    i.xTaskIncrementTick  tasks.o
    0x080047a4   0x080047a4   0x00000098   Code   RO         3307    i.xTaskPriorityDisinherit  tasks.o
    0x0800483c   0x0800483c   0x00000074   Code   RO         3309    i.xTaskRemoveFromEventList  tasks.o
    0x080048b0   0x080048b0   0x000000c4   Code   RO         3310    i.xTaskResumeAll    tasks.o
    0x08004974   0x08004974   0x00000060   Code   RO         3590    i.xTimerCreateTimerTask  timers.o
    0x080049d4   0x080049d4   0x00000060   Code   RO         3591    i.xTimerGenericCommand  timers.o
    0x08004a34   0x08004a34   0x00000038   Data   RO          386    .constdata          freertos.o
    0x08004a6c   0x08004a6c   0x00000010   Data   RO         2755    .constdata          system_stm32f4xx.o
    0x08004a7c   0x08004a7c   0x00000008   Data   RO         2756    .constdata          system_stm32f4xx.o
    0x08004a84   0x08004a84   0x00000015   Data   RO          387    .conststring        freertos.o
    0x08004a99   0x08004a99   0x00000003   PAD
    0x08004a9c   0x08004a9c   0x00000020   Data   RO         5011    Region$$Table       anon$$obj.o


    Execution Region RW_IRAM1 (Exec base: 0x20000000, Load base: 0x08004abc, Size: 0x00007da8, Max: 0x00020000, ABSOLUTE, COMPRESSED[0x00000038])

    Exec Addr    Load Addr    Size         Type   Attr      Idx    E Section Name        Object

    0x20000000   COMPRESSED   0x00000008   Data   RW          388    .data               freertos.o
    0x20000008   COMPRESSED   0x0000000c   Data   RW         1549    .data               stm32f4xx_hal.o
    0x20000014   COMPRESSED   0x00000004   Data   RW         2757    .data               system_stm32f4xx.o
    0x20000018   COMPRESSED   0x0000003c   Data   RW         3313    .data               tasks.o
    0x20000054   COMPRESSED   0x00000014   Data   RW         3597    .data               timers.o
    0x20000068   COMPRESSED   0x00000020   Data   RW         4098    .data               heap_4.o
    0x20000088   COMPRESSED   0x0000000c   Data   RW         4154    .data               port.o
    0x20000094   COMPRESSED   0x00000140   Data   RW         4359    .data               qekf_imu.o
    0x200001d4   COMPRESSED   0x00000004   PAD
    0x200001d8   COMPRESSED   0x00000040   Data   RW         4422    .data               bsp_dwt.o
    0x20000218   COMPRESSED   0x00000008   Data   RW         4714    .data               ins_task.o
    0x20000220   COMPRESSED   0x00000004   Data   RW         4996    .data               mc_w.l(errno.o)
    0x20000224        -       0x000006a8   Zero   RW          385    .bss                freertos.o
    0x200008cc        -       0x00000048   Zero   RW          528    .bss                stm32f4xx_hal_timebase_tim.o
    0x20000914        -       0x00000040   Zero   RW         2960    .bss                queue.o
    0x20000954        -       0x000000f0   Zero   RW         3312    .bss                tasks.o
    0x20000a44        -       0x000000e8   Zero   RW         3596    .bss                timers.o
    0x20000b2c        -       0x00006000   Zero   RW         4097    .bss                heap_4.o
    0x20006b2c        -       0x00000e7c   Zero   RW         4713    .bss                ins_task.o
    0x200079a8        -       0x00000400   Zero   RW            1    STACK               startup_stm32f411xe.o


==============================================================================

Image component sizes


      Code (inc. data)   RO Data    RW Data    ZI Data      Debug   Object Name

       260         46          0         64          0       3897   bsp_dwt.o
       120          0          0          0          0      23417   cmsis_os.o
         0          0          0          0          0      20036   event_groups.o
       116         18         77          8       1704       3381   freertos.o
       180         12          0          0          0       5019   gpio.o
       472         24          0         32      24576       4963   heap_4.o
       212         26          0          8       3708       5685   ins_task.o
      1106          0          0          0          0      10334   kalmanfilter.o
       138          0          0          0          0       3642   list.o
       186         14          0          0          0     445180   main.o
       554         18          0          0          0       7027   mpu6050.o
       786         82          0         12          0      12049   port.o
      1600         66          0        320          0       5994   qekf_imu.o
      1502         20          0          0         64      17552   queue.o
       418         34          0          0          0      13494   software_i2c.o
        36          8        408          0       1024        852   startup_stm32f411xe.o
        80         14          0         12          0       8046   stm32f4xx_hal.o
       158         14          0          0          0      33110   stm32f4xx_hal_cortex.o
       500         34          0          0          0       2891   stm32f4xx_hal_gpio.o
        56          4          0          0          0        902   stm32f4xx_hal_msp.o
      1380         74          0          0          0       5402   stm32f4xx_hal_rcc.o
       676         48          0          0          0       7644   stm32f4xx_hal_tim.o
         4          0          0          0          0       1681   stm32f4xx_hal_tim_ex.o
       140         22          0          0         72       1475   stm32f4xx_hal_timebase_tim.o
        24          6          0          0          0       3388   stm32f4xx_it.o
         0          0          0          0          0        384   stream_buffer.o
        16          4         24          4          0       1175   system_stm32f4xx.o
      2104        160          0         60        240      27156   tasks.o
       952         80          0         20        232      30271   timers.o

    ----------------------------------------------------------------------
     13802        828        544        544      31620     706047   Object Totals
         0          0         32          0          0          0   (incl. Generated)
        26          0          3          4          0          0   (incl. Padding)

    ----------------------------------------------------------------------

      Code (inc. data)   RO Data    RW Data    ZI Data      Debug   Library Member Name

       208          0          0          0          0       1194   arm_dot_prod_f32.o
       148          0          0          0          0       1719   arm_mat_add_f32.o
         8          0          0          0          0        841   arm_mat_init_f32.o
       732          0          0          0          0       3257   arm_mat_inverse_f32.o
       376          0          0          0          0       2510   arm_mat_mult_f32.o
       148          0          0          0          0       1719   arm_mat_sub_f32.o
       178          0          0          0          0       1815   arm_mat_trans_f32.o
       300         42          0          0          0        176   asinf.o
       684         90          0          0          0        208   atan2f.o
        38          0          0          0          0        116   fpclassifyf.o
        44         12          0          0          0        464   funder.o
       122          0          0          0          0        148   sqrt.o
        62          0          0          0          0        136   sqrtf.o
        86          0          0          0          0          0   __dczerorl2.o
         0          0          0          0          0          0   entry.o
         0          0          0          0          0          0   entry10a.o
         0          0          0          0          0          0   entry11a.o
         4          0          0          0          0          0   entry12b.o
         8          4          0          0          0          0   entry2.o
         4          0          0          0          0          0   entry5.o
         0          0          0          0          0          0   entry7b.o
         0          0          0          0          0          0   entry8b.o
         8          4          0          0          0          0   entry9a.o
        12          6          0          4          0         68   errno.o
        30          0          0          0          0          0   handlers.o
        36          8          0          0          0         68   init.o
         0          0          0          0          0          0   iusefp.o
        30          0          0          0          0         68   llshl.o
        32          0          0          0          0         68   llushr.o
        36          0          0          0          0         68   memcpya.o
        36          0          0          0          0        108   memseta.o
        98          0          0          0          0         92   uldiv.o
        56          0          0          0          0         88   d2f.o
       222          0          0          0          0        100   ddiv.o
       186          0          0          0          0        176   depilogue.o
        26          0          0          0          0         76   dfltui.o
       162          0          0          0          0        100   dsqrt.o
        38          0          0          0          0         68   f2d.o
       176          0          0          0          0        140   fadd.o
        28          0          0          0          0         68   fcmpeq.o
        28          0          0          0          0         68   fcmpgt.o
        28          0          0          0          0         68   fcmple.o
        28          0          0          0          0         68   fcmplt.o
       124          0          0          0          0         88   fdiv.o
       110          0          0          0          0        168   fepilogue.o
       100          0          0          0          0         76   fmul.o

    ----------------------------------------------------------------------
      4786        166          0          4          0      16195   Library Totals
         6          0          0          0          0          0   (incl. Padding)

    ----------------------------------------------------------------------

      Code (inc. data)   RO Data    RW Data    ZI Data      Debug   Library Name

      1798          0          0          0          0      13055   arm_cortexM4l_math.lib
      1250        144          0          0          0       1248   m_wm.l
       420         22          0          4          0        540   mc_w.l
      1312          0          0          0          0       1352   mf_w.l

    ----------------------------------------------------------------------
      4786        166          0          4          0      16195   Library Totals

    ----------------------------------------------------------------------

==============================================================================


      Code (inc. data)   RO Data    RW Data    ZI Data      Debug   

     18588        994        544        548      31620     706894   Grand Totals
     18588        994        544         56      31620     706894   ELF Image Totals (compressed)
     18588        994        544         56          0          0   ROM Totals

==============================================================================

    Total RO  Size (Code + RO Data)                19132 (  18.68kB)
    Total RW  Size (RW Data + ZI Data)             32168 (  31.41kB)
    Total ROM Size (Code + RO Data + RW Data)      19188 (  18.74kB)

==============================================================================

